 lab4_2_sfun

 Timestamp is 576187f1 (Wed Jun 15 11:53:05 2016)

 Preferred load address is 0000000180000000

 Start         Length     Name                   Class
 0001:00000000 000373e4H .text                   CODE
 0001:000373f0 00000092H .text$x                 CODE
 0002:00000000 00000488H .idata$5                DATA
 0002:00000488 00000008H .CRT$XCA                DATA
 0002:00000490 00000008H .CRT$XCZ                DATA
 0002:00000498 00000008H .CRT$XIA                DATA
 0002:000004a0 00000008H .CRT$XIAA               DATA
 0002:000004a8 00000008H .CRT$XIZ                DATA
 0002:000004b0 00004b1cH .rdata                  DATA
 0002:00004fd0 00000008H .rtc$IAA                DATA
 0002:00004fd8 00000008H .rtc$IZZ                DATA
 0002:00004fe0 00000008H .rtc$TAA                DATA
 0002:00004fe8 00000008H .rtc$TZZ                DATA
 0002:00004ff0 000041c4H .xdata                  DATA
 0002:000091b4 0000008cH .idata$2                DATA
 0002:00009240 00000014H .idata$3                DATA
 0002:00009258 00000488H .idata$4                DATA
 0002:000096e0 00000a9eH .idata$6                DATA
 0002:0000a180 00000051H .edata                  DATA
 0003:00000000 000018f8H .data                   DATA
 0003:00001900 00002418H .bss                    DATA
 0004:00000000 000031a4H .pdata                  DATA

  Address         Publics by Value              Rva+Base               Lib:Object

 0000:00000000       ___safe_se_handler_table   0000000000000000     <absolute>
 0000:00000000       ___safe_se_handler_count   0000000000000000     <absolute>
 0000:00000000       __ImageBase                0000000180000000     <linker-defined>
 0001:00000000       sf_c2_lab4_2_get_eml_resolved_functions_info 0000000180001000 f   c2_lab4_2.obj
 0001:00000500       sf_c2_lab4_2_get_check_sum 0000000180001500 f   c2_lab4_2.obj
 0001:00000580       sf_c2_lab4_2_get_autoinheritance_info 0000000180001580 f   c2_lab4_2.obj
 0001:00000d70       sf_c2_lab4_2_third_party_uses_info 0000000180001d70 f   c2_lab4_2.obj
 0001:00000da0       sf_internal_get_sim_state_c2_lab4_2 0000000180001da0 f   c2_lab4_2.obj
 0001:00001430       sf_internal_set_sim_state_c2_lab4_2 0000000180002430 f   c2_lab4_2.obj
 0001:00001c60       c2_lab4_2_method_dispatcher 0000000180002c60 f   c2_lab4_2.obj
 0001:000050b0       sf_process_check_sum_call  00000001800060b0 f   lab4_2_sfun_registry.obj
 0001:00005100       sf_process_testpoint_info_call 0000000180006100 f   lab4_2_sfun_registry.obj
 0001:00005150       sf_process_autoinheritance_call 0000000180006150 f   lab4_2_sfun_registry.obj
 0001:000052f0       sf_process_get_third_party_uses_info_call 00000001800062f0 f   lab4_2_sfun_registry.obj
 0001:00005490       sf_process_get_eml_resolved_functions_info_call 0000000180006490 f   lab4_2_sfun_registry.obj
 0001:00005610       sf_mex_unlock_call         0000000180006610 f   lab4_2_sfun_registry.obj
 0001:000056c0       sf_machine_global_initializer_called 00000001800066c0 f   lab4_2_sfun_registry.obj
 0001:000056f0       sf_machine_global_method_dispatcher 00000001800066f0 f   lab4_2_sfun_registry.obj
 0001:00005750       sf_machine_global_terminator 0000000180006750 f   lab4_2_sfun_registry.obj
 0001:000057a0       sf_register_machine_exported_symbols 00000001800067a0 f   lab4_2_sfun_registry.obj
 0001:000057c0       callCustomFcn              00000001800067c0 f   lab4_2_sfun_registry.obj
 0001:000057d0       sf_machine_global_initializer 00000001800067d0 f   lab4_2_sfun_registry.obj
 0001:00005850       _ssSetStateAbsTol          0000000180006850 f   lab4_2_sfun_registry.obj
 0001:00005930       _ssGetAbsTol               0000000180006930 f   lab4_2_sfun_registry.obj
 0001:000059a0       _ssSetInputPortMatrixDimensions 00000001800069a0 f   lab4_2_sfun_registry.obj
 0001:00005ab0       _ssSetOutputPortMatrixDimensions 0000000180006ab0 f   lab4_2_sfun_registry.obj
 0001:00005bc0       _ssSetInputPortVectorDimension 0000000180006bc0 f   lab4_2_sfun_registry.obj
 0001:00005c90       _ssSetOutputPortVectorDimension 0000000180006c90 f   lab4_2_sfun_registry.obj
 0001:00005d60       ssIsRunTimeParamTunable    0000000180006d60 f   lab4_2_sfun_registry.obj
 0001:00005dd0       ssGetSFuncBlockHandle      0000000180006dd0 f   lab4_2_sfun_registry.obj
 0001:00005e40       _ssGetCurrentInputPortWidth 0000000180006e40 f   lab4_2_sfun_registry.obj
 0001:00005f60       _ssGetCurrentOutputPortWidth 0000000180006f60 f   lab4_2_sfun_registry.obj
 0001:00006080       _ssGetCallSystemNumFcnCallDestinations 0000000180007080 f   lab4_2_sfun_registry.obj
 0001:000060f0       ssWarning                  00000001800070f0 f   lab4_2_sfun_registry.obj
 0001:00006200       ssGetIsZeroCrossControlDisabled 0000000180007200 f   lab4_2_sfun_registry.obj
 0001:00006270       ssSetIsInputPortUsedForContZcSignal 0000000180007270 f   lab4_2_sfun_registry.obj
 0001:000062e0       ssSetZcSignalIsZcElementDisc 00000001800072e0 f   lab4_2_sfun_registry.obj
 0001:00006390       ssSetZcSignalName          0000000180007390 f   lab4_2_sfun_registry.obj
 0001:00006400       ssSetZcSignalWidth         0000000180007400 f   lab4_2_sfun_registry.obj
 0001:00006470       ssSetZcSignalZcEventType   0000000180007470 f   lab4_2_sfun_registry.obj
 0001:000064e0       ssSetZcSignalType          00000001800074e0 f   lab4_2_sfun_registry.obj
 0001:00006550       ssSetZcSignalZcTol         0000000180007550 f   lab4_2_sfun_registry.obj
 0001:000065c0       ssSetZcSignalNeedsEventNotification 00000001800075c0 f   lab4_2_sfun_registry.obj
 0001:00006630       ssCreateAndAddZcSignalInfo 0000000180007630 f   lab4_2_sfun_registry.obj
 0001:000066a0       ssCloneAndAddZcSignalInfo  00000001800076a0 f   lab4_2_sfun_registry.obj
 0001:00006710       ssGetNumZcSignals          0000000180007710 f   lab4_2_sfun_registry.obj
 0001:00006780       ssGetZcSignalVector        0000000180007780 f   lab4_2_sfun_registry.obj
 0001:000067f0       ssGetZcSignalZcEvents      00000001800077f0 f   lab4_2_sfun_registry.obj
 0001:00006860       ssGetZcSignalName          0000000180007860 f   lab4_2_sfun_registry.obj
 0001:000068d0       ssGetZcSignalWidth         00000001800078d0 f   lab4_2_sfun_registry.obj
 0001:00006940       ssGetZcSignalZcEventType   0000000180007940 f   lab4_2_sfun_registry.obj
 0001:000069b0       ssGetZcSignalType          00000001800079b0 f   lab4_2_sfun_registry.obj
 0001:00006a20       ssGetZcSignalZcTol         0000000180007a20 f   lab4_2_sfun_registry.obj
 0001:00006aa0       ssGetZcSignalNeedsEventNotification 0000000180007aa0 f   lab4_2_sfun_registry.obj
 0001:00006b10       ssGetZcSignalIsZcElementDisc 0000000180007b10 f   lab4_2_sfun_registry.obj
 0001:00006bb0       ssGetIsInputPortElementContinuous 0000000180007bb0 f   lab4_2_sfun_registry.obj
 0001:00006c50       _ssGetInputPortSignalPtrsFcn 0000000180007c50 f   lab4_2_sfun_registry.obj
 0001:00006f10       _ssGetInputPortSignalFcn   0000000180007f10 f   lab4_2_sfun_registry.obj
 0001:00007130       _ssSetInputPortDirectFeedThroughFcn 0000000180008130 f   lab4_2_sfun_registry.obj
 0001:00007290       _ssSetInputPortReusableFcn 0000000180008290 f   lab4_2_sfun_registry.obj
 0001:00007380       _ssSetOutputPortReusableFcn 0000000180008380 f   lab4_2_sfun_registry.obj
 0001:00007460       ssGetDTypeIdFromMxArray    0000000180008460 f   lab4_2_sfun_registry.obj
 0001:00007580       ssWriteRTWStr              0000000180008580 f   lab4_2_sfun_registry.obj
 0001:000075e0       ssWriteRTWMxVectParam      00000001800085e0 f   lab4_2_sfun_registry.obj
 0001:00007640       ssWriteRTWMx2dMatParam     0000000180008640 f   lab4_2_sfun_registry.obj
 0001:000076c0       ssWriteRTWNameValuePair    00000001800086c0 f   lab4_2_sfun_registry.obj
 0001:00007bb0       ssWriteRTWParameters       0000000180008bb0 f   lab4_2_sfun_registry.obj
 0001:000081b0       ssWriteRTWParamSettings    00000001800091b0 f   lab4_2_sfun_registry.obj
 0001:00008880       ssWriteRTWWorkVect         0000000180009880 f   lab4_2_sfun_registry.obj
 0001:00008d80       mexFunction                0000000180009d80 f   lab4_2_sfun_registry.obj
 0001:0000aad0       ProcessMexSfunctionEveryCall 000000018000bad0 f   lab4_2_sfun_registry.obj
 0001:0000ac40       lab4_2_initializer         000000018000bc40 f   lab4_2_sfun.obj
 0001:0000ac50       lab4_2_terminator          000000018000bc50 f   lab4_2_sfun.obj
 0001:0000ac60       sf_lab4_2_method_dispatcher 000000018000bc60 f   lab4_2_sfun.obj
 0001:0000acb0       sf_lab4_2_process_testpoint_info_call 000000018000bcb0 f   lab4_2_sfun.obj
 0001:0000ae10       sf_lab4_2_process_check_sum_call 000000018000be10 f   lab4_2_sfun.obj
 0001:0000b220       sf_lab4_2_autoinheritance_info 000000018000c220 f   lab4_2_sfun.obj
 0001:0000b390       sf_lab4_2_get_eml_resolved_functions_info 000000018000c390 f   lab4_2_sfun.obj
 0001:0000b4c0       sf_lab4_2_third_party_uses_info 000000018000c4c0 f   lab4_2_sfun.obj
 0001:0000b610       lab4_2_debug_initialize    000000018000c610 f   lab4_2_sfun.obj
 0001:0000b690       lab4_2_register_exported_symbols 000000018000c690 f   lab4_2_sfun.obj
 0001:0000b6a0       load_lab4_2_optimization_info 000000018000c6a0 f   lab4_2_sfun.obj
 0001:0000b6f0       unload_lab4_2_optimization_info 000000018000c6f0 f   lab4_2_sfun.obj
 0001:0000b810       sf_mex_mx_is_numeric       000000018000c810 f   sfc_mex:sfc_mex.obj
 0001:0000b850       strcmp_ignore_ws           000000018000c850 f   sfc_mex:sfc_mex.obj
 0001:0000b990       sf_mex_duplicatearraysafe  000000018000c990 f   sfc_mex:sfc_mex.obj
 0001:0000baf0       sf_set_error_debugger_context_message_fcn 000000018000caf0 f   sfc_mex:sfc_mex.obj
 0001:0000bb00       sf_set_debugger_matlab_error_fcn 000000018000cb00 f   sfc_mex:sfc_mex.obj
 0001:0000bb40       sf_set_error_prefix_string 000000018000cb40 f   sfc_mex:sfc_mex.obj
 0001:0000bb70       sf_get_error_prefix_string 000000018000cb70 f   sfc_mex:sfc_mex.obj
 0001:0000bb80       sf_mex_enter_parallel_region 000000018000cb80 f   sfc_mex:sfc_mex.obj
 0001:0000bb90       sf_mex_exit_parallel_region 000000018000cb90 f   sfc_mex:sfc_mex.obj
 0001:0000bba0       sf_get_current_jmp_buf_ptr 000000018000cba0 f   sfc_mex:sfc_mex.obj
 0001:0000bbb0       sf_set_current_jmp_buf_ptr 000000018000cbb0 f   sfc_mex:sfc_mex.obj
 0001:0000bbc0       sf_mex_set_halt_simulation 000000018000cbc0 f   sfc_mex:sfc_mex.obj
 0001:0000bbd0       sf_mex_get_halt_simulation 000000018000cbd0 f   sfc_mex:sfc_mex.obj
 0001:0000bbe0       sf_mex_clear_error_message 000000018000cbe0 f   sfc_mex:sfc_mex.obj
 0001:0000bc00       sf_mex_get_error_message_for_read 000000018000cc00 f   sfc_mex:sfc_mex.obj
 0001:0000bc10       sf_mex_get_error_message_buffer_length 000000018000cc10 f   sfc_mex:sfc_mex.obj
 0001:0000bcf0       sf_mex_warning_message     000000018000ccf0 f   sfc_mex:sfc_mex.obj
 0001:0000bd60       sf_mex_v_errbuf_createf    000000018000cd60 f   sfc_mex:sfc_mex.obj
 0001:0000bd70       sf_mex_errbuf_createf      000000018000cd70 f   sfc_mex:sfc_mex.obj
 0001:0000bda0       sf_mex_v_errbuf_catf       000000018000cda0 f   sfc_mex:sfc_mex.obj
 0001:0000bde0       sf_mex_errbuf_catf         000000018000cde0 f   sfc_mex:sfc_mex.obj
 0001:0000be30       sf_mex_errbuf_copy         000000018000ce30 f   sfc_mex:sfc_mex.obj
 0001:0000be40       sf_mex_errbuf_clear        000000018000ce40 f   sfc_mex:sfc_mex.obj
 0001:0000be50       sf_mex_errbuf_isempty      000000018000ce50 f   sfc_mex:sfc_mex.obj
 0001:0000bf50       sf_mex_set_error_status    000000018000cf50 f   sfc_mex:sfc_mex.obj
 0001:0000bfa0       sf_mex_error_direct_call   000000018000cfa0 f   sfc_mex:sfc_mex.obj
 0001:0000bfc0       sf_mex_error_message_no_long_jump 000000018000cfc0 f   sfc_mex:sfc_mex.obj
 0001:0000bfe0       sf_mex_long_jump_on_error  000000018000cfe0 f   sfc_mex:sfc_mex.obj
 0001:0000c010       sf_mex_call_matlab         000000018000d010 f   sfc_mex:sfc_mex.obj
 0001:0000c130       sf_mex_check_builtin       000000018000d130 f   sfc_mex:sfc_mex.obj
 0001:0000c1d0       sf_mex_check_builtin_vs    000000018000d1d0 f   sfc_mex:sfc_mex.obj
 0001:0000c290       sf_mex_check_enum          000000018000d290 f   sfc_mex:sfc_mex.obj
 0001:0000c310       sf_mex_create_enum         000000018000d310 f   sfc_mex:sfc_mex.obj
 0001:0000c380       sf_mex_get_enum_element    000000018000d380 f   sfc_mex:sfc_mex.obj
 0001:0000c390       sf_mex_createcellarray     000000018000d390 f   sfc_mex:sfc_mex.obj
 0001:0000c3a0       sf_mex_setcell             000000018000d3a0 f   sfc_mex:sfc_mex.obj
 0001:0000c3b0       sf_mex_getcell             000000018000d3b0 f   sfc_mex:sfc_mex.obj
 0001:0000c3c0       sf_mex_dup                 000000018000d3c0 f   sfc_mex:sfc_mex.obj
 0001:0000c3e0       sf_mex_assign              000000018000d3e0 f   sfc_mex:sfc_mex.obj
 0001:0000c460       sf_mex_destroy             000000018000d460 f   sfc_mex:sfc_mex.obj
 0001:0000c490       mx_array_has_fi_type       000000018000d490 f   sfc_mex:sfc_mex.obj
 0001:0000c4c0       sf_mex_convert_from_fi     000000018000d4c0 f   sfc_mex:sfc_mex.obj
 0001:0000c5f0       sf_mex_convert_to_double   000000018000d5f0 f   sfc_mex:sfc_mex.obj
 0001:0000c710       sf_mex_import_fi_vs        000000018000d710 f   sfc_mex:sfc_mex.obj
 0001:0000c940       sf_matrix_matrix_index_ok  000000018000d940 f   sfc_mex:sfc_mex.obj
 0001:0000c9d0       sf_vector_vector_index_ok  000000018000d9d0 f   sfc_mex:sfc_mex.obj
 0001:0000ca00       ssGetCurrentInputPortDimensions_wrapper 000000018000da00 f   sfc_mex:sfc_mex.obj
 0001:0000ca20       ssGetCurrentOutputPortDimensions_wrapper 000000018000da20 f   sfc_mex:sfc_mex.obj
 0001:0000ca40       sf_mex_emlrt_context_is_debug_mode 000000018000da40 f   sfc_mex:sfc_mex.obj
 0001:0000ca50       sf_mex_emlrt_context_set_debug_mode 000000018000da50 f   sfc_mex:sfc_mex.obj
 0001:0000ca60       sf_mex_emlrtNameCapturePostProcessR2012a 000000018000da60 f   sfc_mex:sfc_mex.obj
 0001:0000cad0       sf_clear_error_manager_info 000000018000dad0 f   sfc_mex:sfc_mex.obj
 0001:0000cb30       sf_mex_stop_simulation_abruptly_wo_error 000000018000db30 f   sfc_mex:sfc_mex.obj
 0001:0000cb70       sf_mex_error_message       000000018000db70 f   sfc_mex:sfc_mex.obj
 0001:0000cbe0       sf_react_to_error_in_matlab_call 000000018000dbe0 f   sfc_mex:sfc_mex.obj
 0001:0000cc10       sf_mex_addfield            000000018000dc10 f   sfc_mex:sfc_mex.obj
 0001:0000ccb0       sf_mex_getfield            000000018000dcb0 f   sfc_mex:sfc_mex.obj
 0001:0000cfb0       sf_mex_check_class         000000018000dfb0 f   sfc_mex:sfc_mex.obj
 0001:0000d050       sf_mex_is_real             000000018000e050 f   sfc_mex:sfc_mex.obj
 0001:0000d4c0       sf_mex_decode_encoded_mx_struct_array 000000018000e4c0 f   sfc_mex:sfc_mex.obj
 0001:0000d7b0       sf_mex_lw_bounds_check     000000018000e7b0 f   sfc_mex:sfc_mex.obj
 0001:0000d7e0       sf_mex_lw_size_eq_check_1d 000000018000e7e0 f   sfc_mex:sfc_mex.obj
 0001:0000d800       sf_mex_lw_size_eq_check_nd 000000018000e800 f   sfc_mex:sfc_mex.obj
 0001:0000d9e0       sf_mex_lw_dim_size_eq_check 000000018000e9e0 f   sfc_mex:sfc_mex.obj
 0001:0000da10       sf_mex_lw_dim_size_geq_check 000000018000ea10 f   sfc_mex:sfc_mex.obj
 0001:0000da40       sf_mex_lw_sub_assign_size_check_nd 000000018000ea40 f   sfc_mex:sfc_mex.obj
 0001:0000dc10       sf_mex_lw_runtime_error_msgid 000000018000ec10 f   sfc_mex:sfc_mex.obj
 0001:0000dd00       sf_mex_lw_matrix_matrix_index_check 000000018000ed00 f   sfc_mex:sfc_mex.obj
 0001:0000dd20       sf_mex_lw_vector_vector_index_check 000000018000ed20 f   sfc_mex:sfc_mex.obj
 0001:0000dd60       sf_mex_lw_for_loop_vector_check 000000018000ed60 f   sfc_mex:sfc_mex.obj
 0001:0000ddf0       sf_mex_lw_non_negative_check 000000018000edf0 f   sfc_mex:sfc_mex.obj
 0001:0000de30       sf_mex_overflow_error      000000018000ee30 f   sfc_mex:sfc_mex.obj
 0001:0000de40       sf_mex_dividebyzero_error  000000018000ee40 f   sfc_mex:sfc_mex.obj
 0001:0000de50       sf_mex_unsafe_enum_error   000000018000ee50 f   sfc_mex:sfc_mex.obj
 0001:0000de60       sf_emlrtErrHandler         000000018000ee60 f   sfc_mex:sfc_mex.obj
 0001:0000df40       sf_mex_size_one_check      000000018000ef40 f   sfc_mex:sfc_mex.obj
 0001:0000df60       sf_mex_printf              000000018000ef60 f   sfc_mex:sfc_mex.obj
 0001:0000e130       sf_mex_check_size          000000018000f130 f   sfc_mex:sfc_mex.obj
 0001:0000e3d0       sf_mex_check_struct        000000018000f3d0 f   sfc_mex:sfc_mex.obj
 0001:0000e630       sf_mex_check_struct_vs     000000018000f630 f   sfc_mex:sfc_mex.obj
 0001:0000e6c0       sf_mex_check_fi            000000018000f6c0 f   sfc_mex:sfc_mex.obj
 0001:0000e7c0       sf_mex_check_fi_vs         000000018000f7c0 f   sfc_mex:sfc_mex.obj
 0001:0000e860       sf_echo_expression         000000018000f860 f   sfc_mex:sfc_mex.obj
 0001:0000e8c0       sf_assertion_failed        000000018000f8c0 f   sfc_mex:sfc_mex.obj
 0001:0000eba0       sf_mex_evalin              000000018000fba0 f   sfc_mex:sfc_mex.obj
 0001:0000ee10       sf_mex_export              000000018000fe10 f   sfc_mex:sfc_mex.obj
 0001:0000eed0       sf_mex_get_ml_var_no_error 000000018000fed0 f   sfc_mex:sfc_mex.obj
 0001:0000f070       sf_mex_get_ml_var          0000000180010070 f   sfc_mex:sfc_mex.obj
 0001:0000f500       ml_set_element_value_in_array 0000000180010500 f   sfc_mex:sfc_mex.obj
 0001:000105c0       sf_mex_call_impl           00000001800115c0 f   sfc_mex:sfc_mex.obj
 0001:000109e0       sf_mex_call_debug          00000001800119e0 f   sfc_mex:sfc_mex.obj
 0001:00010a10       sf_mex_call                0000000180011a10 f   sfc_mex:sfc_mex.obj
 0001:00011060       sf_mex_createstruct        0000000180012060 f   sfc_mex:sfc_mex.obj
 0001:00011170       sf_mex_createstructarray   0000000180012170 f   sfc_mex:sfc_mex.obj
 0001:000111f0       sf_mex_get_mx_datatype_from_sf_datatype 00000001800121f0 f   sfc_mex:sfc_mex.obj
 0001:00011500       sf_mex_ml_var_sub          0000000180012500 f   sfc_mex:sfc_mex.obj
 0001:000116e0       sf_mex_ml_var_subsasgn     00000001800126e0 f   sfc_mex:sfc_mex.obj
 0001:00011ae0       sf_mex_sub                 0000000180012ae0 f   sfc_mex:sfc_mex.obj
 0001:00011cf0       sf_mex_subsasgn            0000000180012cf0 f   sfc_mex:sfc_mex.obj
 0001:00012200       sf_mex_create              0000000180013200 f   sfc_mex:sfc_mex.obj
 0001:00012ba0       sf_mex_import_named        0000000180013ba0 f   sfc_mex:sfc_mex.obj
 0001:00012c00       sf_mex_import              0000000180013c00 f   sfc_mex:sfc_mex.obj
 0001:00012c50       sf_mex_import_vs           0000000180013c50 f   sfc_mex:sfc_mex.obj
 0001:00012d60       sf_mex_lower_fixpt_mx_array 0000000180013d60 f   sfc_mex:sfc_mex.obj
 0001:00013060       sf_send_message_wrapper    0000000180014060 f   sfc_mex:sfc_sf.obj
 0001:00013090       sf_receive_message_wrapper 0000000180014090 f   sfc_mex:sfc_sf.obj
 0001:000130d0       sf_check_out_message_wrapper 00000001800140d0 f   sfc_mex:sfc_sf.obj
 0001:00013110       sf_check_in_message_wrapper 0000000180014110 f   sfc_mex:sfc_sf.obj
 0001:00013150       sf_no_message_wrapper      0000000180014150 f   sfc_mex:sfc_sf.obj
 0001:000134e0       sim_mode_is_rtw_gen        00000001800144e0 f   sfc_mex:sfc_sf.obj
 0001:00013510       sim_mode_is_external       0000000180014510 f   sfc_mex:sfc_sf.obj
 0001:00013520       sim_mode_is_modelref_sim   0000000180014520 f   sfc_mex:sfc_sf.obj
 0001:00013540       mdlInitializeSizes         0000000180014540 f   sfc_mex:sfc_sf.obj
 0001:00013560       mdlInitializeSampleTimes   0000000180014560 f   sfc_mex:sfc_sf.obj
 0001:000135a0       mdlZeroCrossings           00000001800145a0 f   sfc_mex:sfc_sf.obj
 0001:00013690       mdlDerivatives             0000000180014690 f   sfc_mex:sfc_sf.obj
 0001:00013750       mdl_initialize_conditions_processing 0000000180014750 f   sfc_mex:sfc_sf.obj
 0001:00013780       mdlInitializeConditions    0000000180014780 f   sfc_mex:sfc_sf.obj
 0001:00013840       mdlGetSimState             0000000180014840 f   sfc_mex:sfc_sf.obj
 0001:00013850       mdlSetSimState             0000000180014850 f   sfc_mex:sfc_sf.obj
 0001:00013860       mdl_ext_mode_exec_processing 0000000180014860 f   sfc_mex:sfc_sf.obj
 0001:00013880       mdlExtModeExec             0000000180014880 f   sfc_mex:sfc_sf.obj
 0001:00013a20       mdlTerminate               0000000180014a20 f   sfc_mex:sfc_sf.obj
 0001:00013a90       mdlRTW                     0000000180014a90 f   sfc_mex:sfc_sf.obj
 0001:00013ac0       mdlSetWorkWidths           0000000180014ac0 f   sfc_mex:sfc_sf.obj
 0001:00013ad0       mdlProcessParameters       0000000180014ad0 f   sfc_mex:sfc_sf.obj
 0001:00013ae0       mdl_start_processing       0000000180014ae0 f   sfc_mex:sfc_sf.obj
 0001:00013b40       mdlStart                   0000000180014b40 f   sfc_mex:sfc_sf.obj
 0001:00013c50       mdlEnable                  0000000180014c50 f   sfc_mex:sfc_sf.obj
 0001:00013d30       mdlDisable                 0000000180014d30 f   sfc_mex:sfc_sf.obj
 0001:00013df0       sf_get_chart_instance_ptr  0000000180014df0 f   sfc_mex:sfc_sf.obj
 0001:00013e10       sf_load_rtw_optimization_info 0000000180014e10 f   sfc_mex:sfc_sf.obj
 0001:00013ee0       sf_update_buildInfo        0000000180014ee0 f   sfc_mex:sfc_sf.obj
 0001:00013fe0       sf_rtw_info_uint_prop      0000000180014fe0 f   sfc_mex:sfc_sf.obj
 0001:00014120       sf_is_chart_inlinable      0000000180015120 f   sfc_mex:sfc_sf.obj
 0001:00014140       sf_mark_output_events_with_multiple_callers 0000000180015140 f   sfc_mex:sfc_sf.obj
 0001:000142d0       sf_mark_chart_reusable_outputs 00000001800152d0 f   sfc_mex:sfc_sf.obj
 0001:00014530       sf_mark_chart_expressionable_inputs 0000000180015530 f   sfc_mex:sfc_sf.obj
 0001:00014790       sf_get_subchart_simstruct  0000000180015790 f   sfc_mex:sfc_sf.obj
 0001:000147e0       sf_get_fixpt_data_type_id  00000001800157e0 f   sfc_mex:sfc_sf.obj
 0001:00014820       sf_get_enum_data_type_id   0000000180015820 f   sfc_mex:sfc_sf.obj
 0001:00014860       sf_get_param_data_type_id  0000000180015860 f   sfc_mex:sfc_sf.obj
 0001:00014890       sf_mex_listen_for_ctrl_c_force 0000000180015890 f   sfc_mex:sfc_sf.obj
 0001:000149a0       sf_mex_draw_now            00000001800159a0 f   sfc_mex:sfc_sf.obj
 0001:000149e0       sf_mex_set_debugger_sim_status_listener_fcn 00000001800159e0 f   sfc_mex:sfc_sf.obj
 0001:000149f0       sf_mex_listen_for_ctrl_c   00000001800159f0 f   sfc_mex:sfc_sf.obj
 0001:00014a90       sf_mex_get_sfun_param      0000000180015a90 f   sfc_mex:sfc_sf.obj
 0001:00014ae0       sf_get_runtime_param_data  0000000180015ae0 f   sfc_mex:sfc_sf.obj
 0001:00014b20       sf_call_output_fcn_call    0000000180015b20 f   sfc_mex:sfc_sf.obj
 0001:00014c60       sf_call_output_fcn_enable  0000000180015c60 f   sfc_mex:sfc_sf.obj
 0001:00014cf0       sf_call_output_fcn_disable 0000000180015cf0 f   sfc_mex:sfc_sf.obj
 0001:00014d80       sf_clear_rtw_identifier    0000000180015d80 f   sfc_mex:sfc_sf.obj
 0001:000155a0       sf_set_encoded_dwork_info  00000001800165a0 f   sfc_mex:sfc_sf.obj
 0001:000155f0       sf_get_dwork_info_from_mat_file 00000001800165f0 f   sfc_mex:sfc_sf.obj
 0001:000157b0       sf_set_rtw_dwork_info      00000001800167b0 f   sfc_mex:sfc_sf.obj
 0001:00015920       mdlOutputs                 0000000180016920 f   sfc_mex:sfc_sf.obj
 0001:00015a40       sf_debug_chart_instance_initialized_quick 0000000180016a40 f   sfc_debug:sfcdebug.obj
 0001:00015ac0       sf_debug_disp              0000000180016ac0 f   sfc_debug:sfcdebug.obj
 0001:00015d90       sf_debug_data_runtime_size_mismatch_error_check 0000000180016d90 f   sfc_debug:sfcdebug.obj
 0001:00015e40       sf_debug_try_loading_machine 0000000180016e40 f   sfc_debug:sfcdebug.obj
 0001:00015f40       sf_debug_reset_current_state_configuration 0000000180016f40 f   sfc_debug:sfcdebug.obj
 0001:00015fc0       sf_debug_store_current_state_configuration 0000000180016fc0 f   sfc_debug:sfcdebug.obj
 0001:00016040       sf_debug_restore_previous_state_configuration 0000000180017040 f   sfc_debug:sfcdebug.obj
 0001:000160c0       sf_debug_restore_previous_state_configuration2 00000001800170c0 f   sfc_debug:sfcdebug.obj
 0001:00016140       sf_debug_get_event_scope   0000000180017140 f   sfc_debug:sfcdebug.obj
 0001:000162b0       use_debugger_step_animation 00000001800172b0 f   sfc_debug:sfcdebug.obj
 0001:000162d0       sf_debug_get_script_id     00000001800172d0 f   sfc_debug:sfcdebug.obj
 0001:00016360       sf_debug_set_script_translation 0000000180017360 f   sfc_debug:sfcdebug.obj
 0001:000164e0       sf_debug_extract_message_post_receive_info 00000001800174e0 f   sfc_debug:sfcdebug.obj
 0001:000166a0       sf_debug_get_current_machine_id 00000001800176a0 f   sfc_debug:sfcdebug.obj
 0001:000166c0       sf_debug_get_current_optional_integer 00000001800176c0 f   sfc_debug:sfcdebug.obj
 0001:000166d0       sf_debug_get_current_machine_number 00000001800176d0 f   sfc_debug:sfcdebug.obj
 0001:000166f0       sf_debug_get_current_machine_name 00000001800176f0 f   sfc_debug:sfcdebug.obj
 0001:00016710       sf_debug_get_current_chart_id 0000000180017710 f   sfc_debug:sfcdebug.obj
 0001:00016750       sf_debug_get_current_chart_number 0000000180017750 f   sfc_debug:sfcdebug.obj
 0001:00016760       sf_debug_get_current_instance_number 0000000180017760 f   sfc_debug:sfcdebug.obj
 0001:00016770       sf_debug_get_current_is_minor_time_step 0000000180017770 f   sfc_debug:sfcdebug.obj
 0001:000167f0       sf_debug_get_current_object_type 00000001800177f0 f   sfc_debug:sfcdebug.obj
 0001:00016800       sf_debug_get_current_instance_handle 0000000180017800 f   sfc_debug:sfcdebug.obj
 0001:00016860       sf_debug_get_current_event_type 0000000180017860 f   sfc_debug:sfcdebug.obj
 0001:00016870       sf_debug_get_current_object_id 0000000180017870 f   sfc_debug:sfcdebug.obj
 0001:000168b0       sf_debug_get_current_active_event_type 00000001800178b0 f   sfc_debug:sfcdebug.obj
 0001:000168c0       sf_debug_get_current_active_event_id 00000001800178c0 f   sfc_debug:sfcdebug.obj
 0001:00016900       sf_debug_get_current_tag_type 0000000180017900 f   sfc_debug:sfcdebug.obj
 0001:00016910       sf_debug_get_current_simulation_time 0000000180017910 f   sfc_debug:sfcdebug.obj
 0001:00016920       sf_debug_get_current_coverage_percentage 0000000180017920 f   sfc_debug:sfcdebug.obj
 0001:00016930       sf_debug_current_statement_context 0000000180017930 f   sfc_debug:sfcdebug.obj
 0001:000169b0       sf_debug_get_current_statement_info 00000001800179b0 f   sfc_debug:sfcdebug.obj
 0001:00016b50       sf_debug_terminate_instance 0000000180017b50 f   sfc_debug:sfcdebug.obj
 0001:00016e70       sf_debug_assertion_failed  0000000180017e70 f   sfc_debug:sfcdebug.obj
 0001:00017040       sf_debug_create_debug_instance_struct 0000000180018040 f   sfc_debug:sfcdebug.obj
 0001:00017090       sf_debug_set_number_of_data_with_change_event_for_machine 0000000180018090 f   sfc_debug:sfcdebug.obj
 0001:000170e0       sf_debug_set_machine_event_thresholds 00000001800180e0 f   sfc_debug:sfcdebug.obj
 0001:00017100       sf_debug_set_machine_event_scope 0000000180018100 f   sfc_debug:sfcdebug.obj
 0001:00017150       sf_debug_set_machine_data_thresholds 0000000180018150 f   sfc_debug:sfcdebug.obj
 0001:000171a0       sf_debug_set_machine_data_scope 00000001800181a0 f   sfc_debug:sfcdebug.obj
 0001:00017240       sf_debug_set_machine_data_name 0000000180018240 f   sfc_debug:sfcdebug.obj
 0001:000172f0       sf_debug_set_machine_data_size 00000001800182f0 f   sfc_debug:sfcdebug.obj
 0001:00017440       sf_debug_set_machine_data_type 0000000180018440 f   sfc_debug:sfcdebug.obj
 0001:000175b0       sf_debug_get_chart_data_number 00000001800185b0 f   sfc_debug:sfcdebug.obj
 0001:000175d0       sf_debug_get_chart_event_number 00000001800185d0 f   sfc_debug:sfcdebug.obj
 0001:000175f0       sf_debug_set_chart_state_info 00000001800185f0 f   sfc_debug:sfcdebug.obj
 0001:00017680       sf_debug_set_chart_decomposition 0000000180018680 f   sfc_debug:sfcdebug.obj
 0001:000176f0       sf_debug_set_chart_substate_count 00000001800186f0 f   sfc_debug:sfcdebug.obj
 0001:000177d0       sf_debug_set_chart_substate_index 00000001800187d0 f   sfc_debug:sfcdebug.obj
 0001:00017850       sf_debug_set_chart_state_substate_count 0000000180018850 f   sfc_debug:sfcdebug.obj
 0001:00017970       sf_debug_set_chart_state_substate_index 0000000180018970 f   sfc_debug:sfcdebug.obj
 0001:00017a00       sf_debug_set_number_of_data_with_change_event_for_chart 0000000180018a00 f   sfc_debug:sfcdebug.obj
 0001:00017a90       sf_debug_set_number_of_states_with_entry_event_for_chart 0000000180018a90 f   sfc_debug:sfcdebug.obj
 0001:00017b10       sf_debug_set_number_of_states_with_exit_event_for_chart 0000000180018b10 f   sfc_debug:sfcdebug.obj
 0001:00017b90       sf_debug_set_chart_disable_implicit_casting 0000000180018b90 f   sfc_debug:sfcdebug.obj
 0001:00017c00       sf_debug_set_chart_event_thresholds 0000000180018c00 f   sfc_debug:sfcdebug.obj
 0001:00017c80       sf_debug_set_chart_data_compiled_props 0000000180018c80 f   sfc_debug:sfcdebug.obj
 0001:00017fc0       sf_debug_set_chart_data_props 0000000180018fc0 f   sfc_debug:sfcdebug.obj
 0001:000182e0       sf_debug_check_fi_license  00000001800192e0 f   sfc_debug:sfcdebug.obj
 0001:000184a0       sf_debug_symbol_scope_push 00000001800194a0 f   sfc_debug:sfcdebug.obj
 0001:000184e0       sf_debug_symbol_scope_push_eml 00000001800194e0 f   sfc_debug:sfcdebug.obj
 0001:00018530       sf_debug_symbol_scope_pop  0000000180019530 f   sfc_debug:sfcdebug.obj
 0001:00018570       sf_debug_symbol_scope_add_importable 0000000180019570 f   sfc_debug:sfcdebug.obj
 0001:000185f0       sf_debug_symbol_scope_add  00000001800195f0 f   sfc_debug:sfcdebug.obj
 0001:00018670       sf_debug_symbol_scope_add_dyn_importable 0000000180019670 f   sfc_debug:sfcdebug.obj
 0001:00018730       sf_debug_symbol_scope_add_dyn 0000000180019730 f   sfc_debug:sfcdebug.obj
 0001:00018770       sf_debug_symbol_scope_add_eml_importable 0000000180019770 f   sfc_debug:sfcdebug.obj
 0001:000187b0       sf_debug_symbol_scope_add_eml 00000001800197b0 f   sfc_debug:sfcdebug.obj
 0001:000187f0       sf_debug_symbol_scope_add_eml_dyn_importable 00000001800197f0 f   sfc_debug:sfcdebug.obj
 0001:00018850       sf_debug_symbol_scope_add_eml_dyn 0000000180019850 f   sfc_debug:sfcdebug.obj
 0001:000188b0       sf_debug_symbol_switch     00000001800198b0 f   sfc_debug:sfcdebug.obj
 0001:000188d0       sf_debug_symbol_scope_add_verbose 00000001800198d0 f   sfc_debug:sfcdebug.obj
 0001:000189a0       sf_debug_set_machine_data_value_ptr 00000001800199a0 f   sfc_debug:sfcdebug.obj
 0001:000189e0       sf_debug_set_instance_data_value_ptr 00000001800199e0 f   sfc_debug:sfcdebug.obj
 0001:00018ab0       sf_debug_unset_instance_data_value_ptr 0000000180019ab0 f   sfc_debug:sfcdebug.obj
 0001:00018b60       sf_debug_set_chart_event_scope 0000000180019b60 f   sfc_debug:sfcdebug.obj
 0001:00018be0       sf_debug_set_chart_transition_coverage_maps 0000000180019be0 f   sfc_debug:sfcdebug.obj
 0001:00018ce0       sf_debug_set_chart_state_coverage_maps 0000000180019ce0 f   sfc_debug:sfcdebug.obj
 0001:00018db0       sf_debug_set_instance_transition_coverage_weights 0000000180019db0 f   sfc_debug:sfcdebug.obj
 0001:00018e40       sf_debug_set_instance_state_coverage_weights 0000000180019e40 f   sfc_debug:sfcdebug.obj
 0001:00019090       sf_debug_unload_machine    000000018001a090 f   sfc_debug:sfcdebug.obj
 0001:000190e0       sf_debug_load_machine      000000018001a0e0 f   sfc_debug:sfcdebug.obj
 0001:000191f0       sf_debug_set_active_instance_in_data_dictionary 000000018001a1f0 f   sfc_debug:sfcdebug.obj
 0001:000193d0       sf_debug_set_active_instance 000000018001a3d0 f   sfc_debug:sfcdebug.obj
 0001:00019530       sf_debug_chart_visiblity_change 000000018001a530 f   sfc_debug:sfcdebug.obj
 0001:00019620       sf_debug_select_chart      000000018001a620 f   sfc_debug:sfcdebug.obj
 0001:00019780       sf_debug_set_instance_cv_ids 000000018001a780 f   sfc_debug:sfcdebug.obj
 0001:00019ab0       sf_debug_select_charts     000000018001aab0 f   sfc_debug:sfcdebug.obj
 0001:00019c60       sf_debug_initialized       000000018001ac60 f   sfc_debug:sfcdebug.obj
 0001:00019c80       sf_debug_is_uninterruptible 000000018001ac80 f   sfc_debug:sfcdebug.obj
 0001:00019cb0       sf_debug_initialize_debugger_gui 000000018001acb0 f   sfc_debug:sfcdebug.obj
 0001:0001a090       sf_debug_resume            000000018001b090 f   sfc_debug:sfcdebug.obj
 0001:0001a0b0       sf_debug_go                000000018001b0b0 f   sfc_debug:sfcdebug.obj
 0001:0001a0c0       sf_debug_break             000000018001b0c0 f   sfc_debug:sfcdebug.obj
 0001:0001a0d0       sf_debug_step_over         000000018001b0d0 f   sfc_debug:sfcdebug.obj
 0001:0001a0e0       sf_debug_step_out          000000018001b0e0 f   sfc_debug:sfcdebug.obj
 0001:0001a0f0       sf_debug_set_disable_all_breakpoints 000000018001b0f0 f   sfc_debug:sfcdebug.obj
 0001:0001a100       sf_debug_disable_all_breakpoints_and_go 000000018001b100 f   sfc_debug:sfcdebug.obj
 0001:0001a110       sf_debug_break_on_chart_entry 000000018001b110 f   sfc_debug:sfcdebug.obj
 0001:0001a120       sf_debug_break_on_event_broadcast 000000018001b120 f   sfc_debug:sfcdebug.obj
 0001:0001a130       sf_debug_break_on_state_entry 000000018001b130 f   sfc_debug:sfcdebug.obj
 0001:0001a140       sf_debug_break_between_times 000000018001b140 f   sfc_debug:sfcdebug.obj
 0001:0001a160       sf_debug_browse_data       000000018001b160 f   sfc_debug:sfcdebug.obj
 0001:0001a170       sf_debug_watch_data        000000018001b170 f   sfc_debug:sfcdebug.obj
 0001:0001a1a0       sf_debug_assign_data       000000018001b1a0 f   sfc_debug:sfcdebug.obj
 0001:0001a1b0       sf_debug_whos              000000018001b1b0 f   sfc_debug:sfcdebug.obj
 0001:0001a1d0       sf_debug_get_consistency_info 000000018001b1d0 f   sfc_debug:sfcdebug.obj
 0001:0001a1e0       sf_debug_browse_trace      000000018001b1e0 f   sfc_debug:sfcdebug.obj
 0001:0001a1f0       sf_debug_set_breakpoints   000000018001b1f0 f   sfc_debug:sfcdebug.obj
 0001:0001a360       sf_debug_set_eml_breakpoints 000000018001b360 f   sfc_debug:sfcdebug.obj
 0001:0001a4c0       sf_debug_set_script_breakpoints 000000018001b4c0 f   sfc_debug:sfcdebug.obj
 0001:0001a540       sf_debug_add_script_breakpoints 000000018001b540 f   sfc_debug:sfcdebug.obj
 0001:0001a5b0       sf_debug_clear_script_breakpoints 000000018001b5b0 f   sfc_debug:sfcdebug.obj
 0001:0001a620       sf_debug_query_script_breakpoints 000000018001b620 f   sfc_debug:sfcdebug.obj
 0001:0001a6d0       sf_debug_get_eml_script_id 000000018001b6d0 f   sfc_debug:sfcdebug.obj
 0001:0001a720       sf_debug_set_watch         000000018001b720 f   sfc_debug:sfcdebug.obj
 0001:0001a940       sf_debug_get_instance_handle 000000018001b940 f   sfc_debug:sfcdebug.obj
 0001:0001a9d0       sf_debug_get_active_states 000000018001b9d0 f   sfc_debug:sfcdebug.obj
 0001:0001a9e0       sf_debug_set_honor_breakpoints 000000018001b9e0 f   sfc_debug:sfcdebug.obj
 0001:0001a9f0       sf_debug_get_animation     000000018001b9f0 f   sfc_debug:sfcdebug.obj
 0001:0001aa00       sf_debug_set_animation     000000018001ba00 f   sfc_debug:sfcdebug.obj
 0001:0001aa10       sf_debug_animate           000000018001ba10 f   sfc_debug:sfcdebug.obj
 0001:0001aa30       sf_debug_cycle_detection_check 000000018001ba30 f   sfc_debug:sfcdebug.obj
 0001:0001aa40       sf_debug_data_range_check  000000018001ba40 f   sfc_debug:sfcdebug.obj
 0001:0001aa50       sf_debug_transition_conflict_check 000000018001ba50 f   sfc_debug:sfcdebug.obj
 0001:0001aa60       sf_debug_state_consistency_check 000000018001ba60 f   sfc_debug:sfcdebug.obj
 0001:0001aa70       sf_debug_data_range_check_enabled 000000018001ba70 f   sfc_debug:sfcdebug.obj
 0001:0001aa90       sf_debug_transition_conflict_check_enabled 000000018001ba90 f   sfc_debug:sfcdebug.obj
 0001:0001aab0       sf_debug_transition_conflict_check_begin 000000018001bab0 f   sfc_debug:sfcdebug.obj
 0001:0001aad0       sf_debug_transition_conflict_check_end 000000018001bad0 f   sfc_debug:sfcdebug.obj
 0001:0001aaf0       sf_debug_stop_debugging    000000018001baf0 f   sfc_debug:sfcdebug.obj
 0001:0001ab20       sf_debug_is_cycle_detected 000000018001bb20 f   sfc_debug:sfcdebug.obj
 0001:0001ab30       sf_debug_is_array_bounds_detected 000000018001bb30 f   sfc_debug:sfcdebug.obj
 0001:0001ab40       sf_debug_get_state_vectors_data_size 000000018001bb40 f   sfc_debug:sfcdebug.obj
 0001:0001ab80       sf_debug_get_state_vectors_data 000000018001bb80 f   sfc_debug:sfcdebug.obj
 0001:0001ac90       sf_debug_set_state_vectors_data 000000018001bc90 f   sfc_debug:sfcdebug.obj
 0001:0001af20       sf_debug_get_script_index  000000018001bf20 f   sfc_debug:sfcdebug.obj
 0001:0001b0b0       sf_debug_add_script        000000018001c0b0 f   sfc_debug:sfcdebug.obj
 0001:0001b240       cv_eval_point              000000018001c240 f   sfc_debug:sfcdebug.obj
 0001:0001b3b0       cv_eval_testobjective      000000018001c3b0 f   sfc_debug:sfcdebug.obj
 0001:0001b4c0       sf_debug_cv_init_state     000000018001c4c0 f   sfc_debug:sfcdebug.obj
 0001:0001b5f0       sf_debug_cv_init_chart     000000018001c5f0 f   sfc_debug:sfcdebug.obj
 0001:0001b6e0       sf_debug_cv_init_trans     000000018001c6e0 f   sfc_debug:sfcdebug.obj
 0001:0001b7f0       sf_debug_cv_init_saturation 000000018001c7f0 f   sfc_debug:sfcdebug.obj
 0001:0001b8f0       sf_debug_cv_init_testobjectives 000000018001c8f0 f   sfc_debug:sfcdebug.obj
 0001:0001bad0       cv_eml_init_script         000000018001cad0 f   sfc_debug:sfcdebug.obj
 0001:0001bbf0       cv_eml_init_fcn            000000018001cbf0 f   sfc_debug:sfcdebug.obj
 0001:0001bd00       cv_eml_init_testobjective  000000018001cd00 f   sfc_debug:sfcdebug.obj
 0001:0001bde0       cv_eml_init_saturation     000000018001cde0 f   sfc_debug:sfcdebug.obj
 0001:0001beb0       cv_eml_init_if             000000018001ceb0 f   sfc_debug:sfcdebug.obj
 0001:0001bf90       cv_eml_init_for            000000018001cf90 f   sfc_debug:sfcdebug.obj
 0001:0001c060       cv_eml_init_while          000000018001d060 f   sfc_debug:sfcdebug.obj
 0001:0001c130       cv_eml_init_mcdc           000000018001d130 f   sfc_debug:sfcdebug.obj
 0001:0001c250       cv_eml_init_switch         000000018001d250 f   sfc_debug:sfcdebug.obj
 0001:0001c350       cv_eml_eval                000000018001d350 f   sfc_debug:sfcdebug.obj
 0001:0001c440       sf_debug_bm_is_a_eml_breakpoint 000000018001d440 f   sfc_debug:sfcdebug.obj
 0001:0001c590       sf_debug_temporal_threshold 000000018001d590 f   sfc_debug:sfcdebug.obj
 0001:0001c900       sf_debug_transition_conflict_error 000000018001d900 f   sfc_debug:sfcdebug.obj
 0001:0001cc60       sf_debug_state_inconsistency_error 000000018001dc60 f   sfc_debug:sfcdebug.obj
 0001:0001cd80       sf_debug_check_for_state_inconsistency 000000018001dd80 f   sfc_debug:sfcdebug.obj
 0001:0001cdc0       sf_debug_cycle_detecton_error 000000018001ddc0 f   sfc_debug:sfcdebug.obj
 0001:0001d510       sf_debug_size_eq_check_1d  000000018001e510 f   sfc_debug:sfcdebug.obj
 0001:0001d530       sf_debug_size_eq_check_nd  000000018001e530 f   sfc_debug:sfcdebug.obj
 0001:0001d730       sf_debug_dim_size_eq_check 000000018001e730 f   sfc_debug:sfcdebug.obj
 0001:0001d760       sf_debug_dim_size_geq_check 000000018001e760 f   sfc_debug:sfcdebug.obj
 0001:0001d790       sf_debug_sub_assign_size_check_nd 000000018001e790 f   sfc_debug:sfcdebug.obj
 0001:0001d970       sf_debug_matrix_matrix_index_check 000000018001e970 f   sfc_debug:sfcdebug.obj
 0001:0001d9c0       sf_debug_vector_vector_index_check 000000018001e9c0 f   sfc_debug:sfcdebug.obj
 0001:0001da10       sf_debug_for_loop_vector_check 000000018001ea10 f   sfc_debug:sfcdebug.obj
 0001:0001dab0       sf_debug_runtime_error_msgid 000000018001eab0 f   sfc_debug:sfcdebug.obj
 0001:0001db50       sf_debug_data_array_bounds_error_check 000000018001eb50 f   sfc_debug:sfcdebug.obj
 0001:0001dc60       sf_debug_eml_data_array_bounds_error_check 000000018001ec60 f   sfc_debug:sfcdebug.obj
 0001:0001e120       sf_debug_integer_check     000000018001f120 f   sfc_debug:sfcdebug.obj
 0001:0001e210       sf_debug_not_nan_check     000000018001f210 f   sfc_debug:sfcdebug.obj
 0001:0001e2e0       sf_debug_non_negative_check 000000018001f2e0 f   sfc_debug:sfcdebug.obj
 0001:0001e3b0       sf_debug_overflow_detection 000000018001f3b0 f   sfc_debug:sfcdebug.obj
 0001:0001ea10       sf_debug_cast_to_real32_T  000000018001fa10 f   sfc_debug:sfcdebug.obj
 0001:0001eae0       sf_debug_cast_to_int8_T    000000018001fae0 f   sfc_debug:sfcdebug.obj
 0001:0001ebb0       sf_debug_cast_to_uint8_T   000000018001fbb0 f   sfc_debug:sfcdebug.obj
 0001:0001ec80       sf_debug_cast_to_int16_T   000000018001fc80 f   sfc_debug:sfcdebug.obj
 0001:0001ed50       sf_debug_cast_to_uint16_T  000000018001fd50 f   sfc_debug:sfcdebug.obj
 0001:0001ee20       sf_debug_cast_to_int32_T   000000018001fe20 f   sfc_debug:sfcdebug.obj
 0001:0001eef0       sf_debug_cast_to_uint32_T  000000018001fef0 f   sfc_debug:sfcdebug.obj
 0001:0001efc0       sf_debug_data_range_error  000000018001ffc0 f   sfc_debug:sfcdebug.obj
 0001:0001f2d0       sf_debug_read_before_write_check 00000001800202d0 f   sfc_debug:sfcdebug.obj
 0001:0001f700       sf_debug_data_range_error_wrapper_min_max 0000000180020700 f   sfc_debug:sfcdebug.obj
 0001:0001f820       sf_debug_data_range_error_wrapper_min 0000000180020820 f   sfc_debug:sfcdebug.obj
 0001:0001f930       sf_debug_data_range_error_wrapper_max 0000000180020930 f   sfc_debug:sfcdebug.obj
 0001:0001fa40       sf_debug_data_range_wrapper 0000000180020a40 f   sfc_debug:sfcdebug.obj
 0001:0001fb00       sf_debug_set_current_status_info 0000000180020b00 f   sfc_debug:sfcdebug.obj
 0001:0001fea0       sf_debug_register_message_post_receive_info 0000000180020ea0 f   sfc_debug:sfcdebug.obj
 0001:000200f0       sf_debug_call              00000001800210f0 f   sfc_debug:sfcdebug.obj
 0001:00020a50       sf_debug_initialize_machine 0000000180021a50 f   sfc_debug:sfcdebug.obj
 0001:00020d00       sf_debug_initialize_chart  0000000180021d00 f   sfc_debug:sfcdebug.obj
 0001:00021150       sf_debug_ensure_script     0000000180022150 f   sfc_debug:sfcdebug.obj
 0001:00021200       cv_eval_saturation         0000000180022200 f   sfc_debug:sfcdebug.obj
 0001:00021380       cv_saturation_accum        0000000180022380 f   sfc_debug:sfcdebug.obj
 0001:000214c0       cv_script_init_script      00000001800224c0 f   sfc_debug:sfcdebug.obj
 0001:000215b0       cv_script_init_fcn         00000001800225b0 f   sfc_debug:sfcdebug.obj
 0001:00021670       cv_script_init_testobjective 0000000180022670 f   sfc_debug:sfcdebug.obj
 0001:00021730       cv_script_init_saturation  0000000180022730 f   sfc_debug:sfcdebug.obj
 0001:000217e0       cv_script_init_if          00000001800227e0 f   sfc_debug:sfcdebug.obj
 0001:000218a0       cv_script_init_for         00000001800228a0 f   sfc_debug:sfcdebug.obj
 0001:00021950       cv_script_init_while       0000000180022950 f   sfc_debug:sfcdebug.obj
 0001:00021a00       cv_script_init_mcdc        0000000180022a00 f   sfc_debug:sfcdebug.obj
 0001:00021b00       cv_script_init_switch      0000000180022b00 f   sfc_debug:sfcdebug.obj
 0001:00021be0       cv_script_eval             0000000180022be0 f   sfc_debug:sfcdebug.obj
 0001:00021cb0       eml_debug_line_call        0000000180022cb0 f   sfc_debug:sfcdebug.obj
 0001:00021e80       sf_debug_terminate         0000000180022e80 f   sfc_debug:sfcdebug.obj
 0001:00022090       sf_debug_set_script_cv_ids 0000000180023090 f   sfc_debug:sfcdebug.obj
 0001:000221c0       sf_debug_api               00000001800231c0 f   sfc_debug:sfc_api.obj
 0001:00023ab0       sf_debug_sm_terminate      0000000180024ab0 f   sfc_debug:sfdb_animation.obj
 0001:00023c60       sf_debug_reset_path_objects 0000000180024c60 f   sfc_debug:sfdb_animation.obj
 0001:00023ce0       sf_debug_sm_reset_object_selection_status 0000000180024ce0 f   sfc_debug:sfdb_animation.obj
 0001:00023d80       sf_debug_sm_reset_state_buffer 0000000180024d80 f   sfc_debug:sfdb_animation.obj
 0001:00023e50       sf_debug_sm_store_state_buffer 0000000180024e50 f   sfc_debug:sfdb_animation.obj
 0001:00023ed0       sf_debug_sm_restore_state_buffer1 0000000180024ed0 f   sfc_debug:sfdb_animation.obj
 0001:00023f40       sf_debug_sm_restore_state_buffer2 0000000180024f40 f   sfc_debug:sfdb_animation.obj
 0001:00023fb0       sf_debug_sm_chart_active   0000000180024fb0 f   sfc_debug:sfdb_animation.obj
 0001:00024000       sf_debug_sm_select_active_objects 0000000180025000 f   sfc_debug:sfdb_animation.obj
 0001:000244d0       sf_debug_sm_is_chart_active 00000001800254d0 f   sfc_debug:sfdb_animation.obj
 0001:00024510       sf_debug_sm_is_state_active 0000000180025510 f   sfc_debug:sfdb_animation.obj
 0001:00024750       sf_debug_sm_get_active_states 0000000180025750 f   sfc_debug:sfdb_animation.obj
 0001:00024d00       sf_debug_sm_initialize_instance 0000000180025d00 f   sfc_debug:sfdb_animation.obj
 0001:00024f10       sf_debug_sm_change_object_selection_status 0000000180025f10 f   sfc_debug:sfdb_animation.obj
 0001:000251e0       cv_create_interface        00000001800261e0 f   sfc_debug:cv_sfinterface.obj
 0001:000254f0       cv_init_trans              00000001800264f0 f   sfc_debug:cv_sfinterface.obj
 0001:00025540       cv_init_saturation         0000000180026540 f   sfc_debug:cv_sfinterface.obj
 0001:00025580       cv_init_testobjective      0000000180026580 f   sfc_debug:cv_sfinterface.obj
 0001:000255c0       cv_init_state              00000001800265c0 f   sfc_debug:cv_sfinterface.obj
 0001:00025630       cv_init_chart              0000000180026630 f   sfc_debug:cv_sfinterface.obj
 0001:00025680       cv_dec_update_call         0000000180026680 f   sfc_debug:cv_sfinterface.obj
 0001:000256c0       cv_cond_update_call        00000001800266c0 f   sfc_debug:cv_sfinterface.obj
 0001:00025700       cv_saturation_update_call  0000000180026700 f   sfc_debug:cv_sfinterface.obj
 0001:00025740       cv_saturation_update_accum 0000000180026740 f   sfc_debug:cv_sfinterface.obj
 0001:00025780       cv_testobjective_update_call 0000000180026780 f   sfc_debug:cv_sfinterface.obj
 0001:000257c0       cv_sigrange_update         00000001800267c0 f   sfc_debug:cv_sfinterface.obj
 0001:00025800       cvsf_eml_eval              0000000180026800 f   sfc_debug:cv_sfinterface.obj
 0001:000258e0       cvsf_eml_init_script       00000001800268e0 f   sfc_debug:cv_sfinterface.obj
 0001:00025970       cvsf_eml_init_fcn          0000000180026970 f   sfc_debug:cv_sfinterface.obj
 0001:000259d0       cvsf_eml_init_testobjective 00000001800269d0 f   sfc_debug:cv_sfinterface.obj
 0001:00025a30       cvsf_eml_init_saturation   0000000180026a30 f   sfc_debug:cv_sfinterface.obj
 0001:00025a80       cvsf_eml_init_if           0000000180026a80 f   sfc_debug:cv_sfinterface.obj
 0001:00025ae0       cvsf_eml_init_for          0000000180026ae0 f   sfc_debug:cv_sfinterface.obj
 0001:00025b30       cvsf_eml_init_while        0000000180026b30 f   sfc_debug:cv_sfinterface.obj
 0001:00025b80       cvsf_eml_init_mcdc         0000000180026b80 f   sfc_debug:cv_sfinterface.obj
 0001:00025c10       cvsf_eml_init_switch       0000000180026c10 f   sfc_debug:cv_sfinterface.obj
 0001:00025c80       cvsf_script_eval           0000000180026c80 f   sfc_debug:cv_sfinterface.obj
 0001:00025d60       cvsf_script_init_script    0000000180026d60 f   sfc_debug:cv_sfinterface.obj
 0001:00025df0       cvsf_script_init_fcn       0000000180026df0 f   sfc_debug:cv_sfinterface.obj
 0001:00025e50       cvsf_script_init_testobjective 0000000180026e50 f   sfc_debug:cv_sfinterface.obj
 0001:00025eb0       cvsf_script_init_saturation 0000000180026eb0 f   sfc_debug:cv_sfinterface.obj
 0001:00025f00       cvsf_script_init_if        0000000180026f00 f   sfc_debug:cv_sfinterface.obj
 0001:00025f60       cvsf_script_init_for       0000000180026f60 f   sfc_debug:cv_sfinterface.obj
 0001:00025fb0       cvsf_script_init_while     0000000180026fb0 f   sfc_debug:cv_sfinterface.obj
 0001:00026000       cvsf_script_init_mcdc      0000000180027000 f   sfc_debug:cv_sfinterface.obj
 0001:00026090       cvsf_script_init_switch    0000000180027090 f   sfc_debug:cv_sfinterface.obj
 0001:00026100       cv_destroy_interface       0000000180027100 f   sfc_debug:cv_sfinterface.obj
 0001:00026120       cv_create_instance_objects 0000000180027120 f   sfc_debug:cv_sfinterface.obj
 0001:00026590       cv_is_enabled              0000000180027590 f   sfc_debug:cv_sfinterface.obj
 0001:000265a0       sf_debug_cv_initialize_script 00000001800275a0 f   sfc_debug:cv_sfinterface.obj
 0001:00026730       sf_debug_cv_initialize_instance 0000000180027730 f   sfc_debug:cv_sfinterface.obj
 0001:00026ac0       sf_debug_cv_terminate_chart 0000000180027ac0 f   sfc_debug:cv_sfinterface.obj
 0001:00026be0       cv_call_trans_test         0000000180027be0 f   sfc_debug:cv_sfinterface.obj
 0001:00026bf0       cv_call_sub_cond_test      0000000180027bf0 f   sfc_debug:cv_sfinterface.obj
 0001:00026c30       sf_debug_st_initialize_machine 0000000180027c30 f   sfc_debug:sfdb_data_browse.obj
 0001:00026ce0       sf_debug_st_initialize_instance 0000000180027ce0 f   sfc_debug:sfdb_data_browse.obj
 0001:00026ef0       sf_debug_st_terminate      0000000180027ef0 f   sfc_debug:sfdb_data_browse.obj
 0001:00027290       sf_debug_st_set_data_value_ptr_in_machine 0000000180028290 f   sfc_debug:sfdb_data_browse.obj
 0001:00027320       sf_debug_st_set_data_value_ptr_in_instance 0000000180028320 f   sfc_debug:sfdb_data_browse.obj
 0001:00027400       sf_debug_st_unset_data_value_ptr_in_machine 0000000180028400 f   sfc_debug:sfdb_data_browse.obj
 0001:00027470       sf_debug_st_unset_data_value_ptr_in_instance 0000000180028470 f   sfc_debug:sfdb_data_browse.obj
 0001:00027730       sf_debug_mx_value          0000000180028730 f   sfc_debug:sfdb_data_browse.obj
 0001:00027790       sf_debug_mx_packed_vector  0000000180028790 f   sfc_debug:sfdb_data_browse.obj
 0001:00027870       sf_debug_mx_uint_vector    0000000180028870 f   sfc_debug:sfdb_data_browse.obj
 0001:00027920       sf_debug_st_get_double_value_from_void_ptr_vector 0000000180028920 f   sfc_debug:sfdb_data_browse.obj
 0001:00028400       sf_debug_st_browse_data    0000000180029400 f   sfc_debug:sfdb_data_browse.obj
 0001:00028c40       sf_debug_hm_initialize_instance 0000000180029c40 f   sfc_debug:sfdb_handle_management.obj
 0001:00029120       sf_debug_hm_get_object_id  000000018002a120 f   sfc_debug:sfdb_handle_management.obj
 0001:00029cd0       sf_debug_hm_update_chart_visibility 000000018002acd0 f   sfc_debug:sfdb_handle_management.obj
 0001:0002aec0       sf_debug_object_is_eml_function 000000018002bec0 f   sfc_debug:sfdb_handle_management.obj
 0001:0002af30       sf_debug_hm_initialize_ids_in_machine 000000018002bf30 f   sfc_debug:sfdb_handle_management.obj
 0001:0002b0a0       sf_debug_hm_initialize_ids_in_chart 000000018002c0a0 f   sfc_debug:sfdb_handle_management.obj
 0001:0002b1a0       sf_debug_hm_initialize_chart 000000018002c1a0 f   sfc_debug:sfdb_handle_management.obj
 0001:0002b8a0       sf_debug_hm_terminate      000000018002c8a0 f   sfc_debug:sfdb_handle_management.obj
 0001:0002b900       sf_debug_hm_initialize_machine 000000018002c900 f   sfc_debug:sfdb_handle_management.obj
 0001:0002c020       sf_debug_ss_initialize     000000018002d020 f   sfc_debug:sfdb_symbol_scope.obj
 0001:0002c040       sf_debug_ss_terminate      000000018002d040 f   sfc_debug:sfdb_symbol_scope.obj
 0001:0002c0d0       sf_debug_ss_push_symbol_scope 000000018002d0d0 f   sfc_debug:sfdb_symbol_scope.obj
 0001:0002c1d0       sf_debug_ss_push_symbol_scope_eml 000000018002d1d0 f   sfc_debug:sfdb_symbol_scope.obj
 0001:0002c230       sf_debug_ss_pop_symbol_scope 000000018002d230 f   sfc_debug:sfdb_symbol_scope.obj
 0001:0002c2e0       sf_debug_ss_add_symbol     000000018002d2e0 f   sfc_debug:sfdb_symbol_scope.obj
 0001:0002c450       sf_debug_ss_add_symbol_eml 000000018002d450 f   sfc_debug:sfdb_symbol_scope.obj
 0001:0002d350       sf_debug_ss_set_data_value 000000018002e350 f   sfc_debug:sfdb_symbol_scope.obj
 0001:0002d7a0       getInstanceNumber          000000018002e7a0 f   sfc_debug:sfdb_symbol_scope.obj
 0001:0002d870       sf_debug_ss_watch_data     000000018002e870 f   sfc_debug:sfdb_symbol_scope.obj
 0001:0002da60       sf_debug_ss_assign_data    000000018002ea60 f   sfc_debug:sfdb_symbol_scope.obj
 0001:0002e470       get_data_entry_name        000000018002f470 f   sfc_debug:sfdb_symbol_scope.obj
 0001:0002e4c0       sf_debug_ss_whos           000000018002f4c0 f   sfc_debug:sfdb_symbol_scope.obj
 0001:0002eb10       sf_debug_cc_initialize_chart 000000018002fb10 f   sfc_debug:sfdb_coverage.obj
 0001:0002f500       sf_debug_cc_initialize_instance 0000000180030500 f   sfc_debug:sfdb_coverage.obj
 0001:00030240       sf_debug_cc_terminate      0000000180031240 f   sfc_debug:sfdb_coverage.obj
 0001:00030330       sf_debug_cc_set_transition_maps 0000000180031330 f   sfc_debug:sfdb_coverage.obj
 0001:00030460       sf_debug_cc_set_state_maps 0000000180031460 f   sfc_debug:sfdb_coverage.obj
 0001:00030540       sf_debug_cc_set_transition_weights 0000000180031540 f   sfc_debug:sfdb_coverage.obj
 0001:00030800       sf_debug_cc_set_state_weights 0000000180031800 f   sfc_debug:sfdb_coverage.obj
 0001:00030ad0       sf_debug_cc_mark_transition_guard 0000000180031ad0 f   sfc_debug:sfdb_coverage.obj
 0001:00030b60       sf_debug_cc_mark_transition_trigger 0000000180031b60 f   sfc_debug:sfdb_coverage.obj
 0001:00030bf0       sf_debug_cc_mark_transition_decision 0000000180031bf0 f   sfc_debug:sfdb_coverage.obj
 0001:00030c60       sf_debug_cc_mark_transition_condition_action 0000000180031c60 f   sfc_debug:sfdb_coverage.obj
 0001:00030cb0       sf_debug_cc_mark_transition_transition_action 0000000180031cb0 f   sfc_debug:sfdb_coverage.obj
 0001:00030d00       sf_debug_cc_mark_state_entry 0000000180031d00 f   sfc_debug:sfdb_coverage.obj
 0001:00030d50       sf_debug_cc_mark_state_during 0000000180031d50 f   sfc_debug:sfdb_coverage.obj
 0001:00030da0       sf_debug_cc_mark_state_exit 0000000180031da0 f   sfc_debug:sfdb_coverage.obj
 0001:00030df0       sf_debug_bm_clear_script_breakpoints 0000000180031df0 f   sfc_debug:sfdb_breakpoints.obj
 0001:00030e20       sf_debug_bm_set_script_breakpoint 0000000180031e20 f   sfc_debug:sfdb_breakpoints.obj
 0001:00030ea0       sf_debug_bm_clear_single_script_breakpoint 0000000180031ea0 f   sfc_debug:sfdb_breakpoints.obj
 0001:00030f20       sf_debug_bm_query_script_breakpoint 0000000180031f20 f   sfc_debug:sfdb_breakpoints.obj
 0001:00030f70       sf_debug_bm_initialize_scripts 0000000180031f70 f   sfc_debug:sfdb_breakpoints.obj
 0001:00031600       sf_debug_bm_terminate      0000000180032600 f   sfc_debug:sfdb_breakpoints.obj
 0001:000318e0       sf_debug_bm_remove_all_breakpoints_in_machine 00000001800328e0 f   sfc_debug:sfdb_breakpoints.obj
 0001:00031940       sf_debug_bm_remove_all_breakpoints_in_chart 0000000180032940 f   sfc_debug:sfdb_breakpoints.obj
 0001:00031a90       sf_debug_bm_initialize_global_breakpoints 0000000180032a90 f   sfc_debug:sfdb_breakpoints.obj
 0001:00031c10       sf_debug_bm_set_breakpoint 0000000180032c10 f   sfc_debug:sfdb_breakpoints.obj
 0001:000321d0       sf_debug_bm_set_eml_breakpoint 00000001800331d0 f   sfc_debug:sfdb_breakpoints.obj
 0001:00032260       sf_debug_bm_initialize_machine_breakpoint_map 0000000180033260 f   sfc_debug:sfdb_breakpoints.obj
 0001:00032680       sf_debug_bm_is_a_breakpoint 0000000180033680 f   sfc_debug:sfdb_breakpoints.obj
 0001:00032ba0       sf_debug_bm_get_all_breakpoints_in_machine 0000000180033ba0 f   sfc_debug:sfdb_breakpoints.obj
 0001:00032ea0       sf_debug_bm_get_all_breakpoints_in_chart 0000000180033ea0 f   sfc_debug:sfdb_breakpoints.obj
 0001:00033a30       sf_debug_bm_initialize_machine 0000000180034a30 f   sfc_debug:sfdb_breakpoints.obj
 0001:00033b00       sf_debug_bm_initialize_chart 0000000180034b00 f   sfc_debug:sfdb_breakpoints.obj
 0001:00033ef0       sf_debug_sc_terminate      0000000180034ef0 f   sfc_debug:sfdb_state_consistency.obj
 0001:00034210       sf_debug_sc_is_chart_consistent 0000000180035210 f   sfc_debug:sfdb_state_consistency.obj
 0001:000344c0       sf_debug_sc_get_consistency_error_info 00000001800354c0 f   sfc_debug:sfdb_state_consistency.obj
 0001:000348d0       sf_debug_tm_terminate      00000001800358d0 f   sfc_debug:sfdb_call_stack.obj
 0001:00034980       sf_debug_tm_push_chart_instance 0000000180035980 f   sfc_debug:sfdb_call_stack.obj
 0001:00034ac0       sf_debug_tm_pop_chart_instance 0000000180035ac0 f   sfc_debug:sfdb_call_stack.obj
 0001:00034b20       sf_debug_tm_push_trace_node 0000000180035b20 f   sfc_debug:sfdb_call_stack.obj
 0001:00034ca0       sf_debug_tm_pop_trace_node 0000000180035ca0 f   sfc_debug:sfdb_call_stack.obj
 0001:00034d20       sf_debug_tm_get_current_global_trace_index 0000000180035d20 f   sfc_debug:sfdb_call_stack.obj
 0001:00034d30       sf_debug_tm_get_current_local_trace_index 0000000180035d30 f   sfc_debug:sfdb_call_stack.obj
 0001:00034d60       sf_debug_tm_set_cycle_detected_flag 0000000180035d60 f   sfc_debug:sfdb_call_stack.obj
 0001:00034da0       sf_debug_tm_set_cycle_started_flag 0000000180035da0 f   sfc_debug:sfdb_call_stack.obj
 0001:00034de0       sf_debug_tm_get_chart_number_from_stack 0000000180035de0 f   sfc_debug:sfdb_call_stack.obj
 0001:00034fe0       sf_debug_tm_browse_trace   0000000180035fe0 f   sfc_debug:sfdb_call_stack.obj
 0001:000352f0       sf_debug_cd_initialize_instance 00000001800362f0 f   sfc_debug:sfdb_cycle_detection.obj
 0001:000355a0       sf_debug_cd_mark_processed_transition_in_instance 00000001800365a0 f   sfc_debug:sfdb_cycle_detection.obj
 0001:00035640       sf_debug_cd_checksum_push  0000000180036640 f   sfc_debug:sfdb_cycle_detection.obj
 0001:000358f0       sf_debug_cd_checksum_pop   00000001800368f0 f   sfc_debug:sfdb_cycle_detection.obj
 0001:00035960       sf_debug_cd_turn_off_cycle_detection 0000000180036960 f   sfc_debug:sfdb_cycle_detection.obj
 0001:000359b0       sf_debug_cd_terminate      00000001800369b0 f   sfc_debug:sfdb_cycle_detection.obj
 0001:00035be0       md5_initialize_state       0000000180036be0 f   sfc_debug:ckmd5.obj
 0001:00036670       md5_update_state           0000000180037670 f   sfc_debug:ckmd5.obj
 0001:00036690       md5_get_hash               0000000180037690 f   sfc_debug:ckmd5.obj
 0001:000366c0       md5_get_hash_for_a_single_string 00000001800376c0 f   sfc_debug:ckmd5.obj
 0001:00036720       mxGetPr                    0000000180037720 f   libmx:libmx.dll
 0001:00036726       mxCreateDoubleScalar       0000000180037726 f   libmx:libmx.dll
 0001:0003672c       mxCreateDoubleMatrix_730   000000018003772c f   libmx:libmx.dll
 0001:00036732       mxSetField_730             0000000180037732 f   libmx:libmx.dll
 0001:00036738       mxCreateString             0000000180037738 f   libmx:libmx.dll
 0001:0003673e       mxCreateStructMatrix_730   000000018003773e f   libmx:libmx.dll
 0001:00036744       mxCreateCellMatrix_730     0000000180037744 f   libmx:libmx.dll
 0001:0003674a       mxDestroyArray             000000018003774a f   libmx:libmx.dll
 0001:00036750       mxDuplicateArray           0000000180037750 f   libmx:libmx.dll
 0001:00036756       mxIsEmpty                  0000000180037756 f   libmx:libmx.dll
 0001:0003675c       mxGetString_730            000000018003775c f   libmx:libmx.dll
 0001:00036762       mxIsChar                   0000000180037762 f   libmx:libmx.dll
 0001:00036768       mxGetClassID               0000000180037768 f   libmx:libmx.dll
 0001:0003676e       mxIsNumeric                000000018003776e f   libmx:libmx.dll
 0001:00036774       mxIsComplex                0000000180037774 f   libmx:libmx.dll
 0001:0003677a       mxGetN                     000000018003777a f   libmx:libmx.dll
 0001:00036780       mxGetM                     0000000180037780 f   libmx:libmx.dll
 0001:00036786       mxCalloc                   0000000180037786 f   libmx:libmx.dll
 0001:0003678c       mxGetScalar                000000018003778c f   libmx:libmx.dll
 0001:00036792       mxIsLogical                0000000180037792 f   libmx:libmx.dll
 0001:00036798       mxCreateDoubleMatrix_700   0000000180037798 f   libmx:libmx.dll
 0001:0003679e       mxFree                     000000018003779e f   libmx:libmx.dll
 0001:000367a4       mxArrayToString            00000001800377a4 f   libmx:libmx.dll
 0001:000367aa       mxCreateCellMatrix_700     00000001800377aa f   libmx:libmx.dll
 0001:000367b0       mxSetCell_700              00000001800377b0 f   libmx:libmx.dll
 0001:000367b6       mxGetCell_700              00000001800377b6 f   libmx:libmx.dll
 0001:000367bc       mxGetClassName             00000001800377bc f   libmx:libmx.dll
 0001:000367c2       mxSetField_700             00000001800377c2 f   libmx:libmx.dll
 0001:000367c8       mxAddField                 00000001800377c8 f   libmx:libmx.dll
 0001:000367ce       mxGetField_700             00000001800377ce f   libmx:libmx.dll
 0001:000367d4       mxGetNumberOfElements      00000001800377d4 f   libmx:libmx.dll
 0001:000367da       mxIsStruct                 00000001800377da f   libmx:libmx.dll
 0001:000367e0       mxIsA                      00000001800377e0 f   libmx:libmx.dll
 0001:000367e6       mxIsClass                  00000001800377e6 f   libmx:libmx.dll
 0001:000367ec       mxGetLogicals              00000001800377ec f   libmx:libmx.dll
 0001:000367f2       mxIsSparse                 00000001800377f2 f   libmx:libmx.dll
 0001:000367f8       mxSetFieldByNumber_700     00000001800377f8 f   libmx:libmx.dll
 0001:000367fe       mxGetFieldByNumber_700     00000001800377fe f   libmx:libmx.dll
 0001:00036804       mxGetFieldNameByNumber     0000000180037804 f   libmx:libmx.dll
 0001:0003680a       mxGetNumberOfFields        000000018003780a f   libmx:libmx.dll
 0001:00036810       mxCreateStructMatrix_700   0000000180037810 f   libmx:libmx.dll
 0001:00036816       mxGetFieldNumber           0000000180037816 f   libmx:libmx.dll
 0001:0003681c       mxIsNaN                    000000018003781c f   libmx:libmx.dll
 0001:00036822       mxGetData                  0000000180037822 f   libmx:libmx.dll
 0001:00036828       mxGetImagData              0000000180037828 f   libmx:libmx.dll
 0001:0003682e       mxArrayClassIDName         000000018003782e f   libmx:libmx.dll
 0001:00036834       mxCreateNumericMatrix_700  0000000180037834 f   libmx:libmx.dll
 0001:0003683a       mxCreateStructArray_700    000000018003783a f   libmx:libmx.dll
 0001:00036840       mxCalcSingleSubscript_700  0000000180037840 f   libmx:libmx.dll
 0001:00036846       mxGetDimensions_700        0000000180037846 f   libmx:libmx.dll
 0001:0003684c       mxGetNumberOfDimensions_700 000000018003784c f   libmx:libmx.dll
 0001:00036852       mxCreateNumericArray_700   0000000180037852 f   libmx:libmx.dll
 0001:00036858       mxGetElementSize           0000000180037858 f   libmx:libmx.dll
 0001:0003685e       mxCreateStringFromNChars_700 000000018003785e f   libmx:libmx.dll
 0001:00036864       mxGetString_700            0000000180037864 f   libmx:libmx.dll
 0001:0003686a       mxIsLogicalScalarTrue      000000018003786a f   libmx:libmx.dll
 0001:00036870       mxCreateLogicalScalar      0000000180037870 f   libmx:libmx.dll
 0001:00036876       mexUnlock                  0000000180037876 f   libmex:libmex.dll
 0001:0003687c       mexIsLocked                000000018003787c f   libmex:libmex.dll
 0001:00036882       mexWarnMsgTxt              0000000180037882 f   libmex:libmex.dll
 0001:00036888       mexCallMATLAB              0000000180037888 f   libmex:libmex.dll
 0001:0003688e       mexErrMsgTxt               000000018003788e f   libmex:libmex.dll
 0001:00036894       mexMakeArrayPersistent     0000000180037894 f   libmex:libmex.dll
 0001:0003689a       mexSetTrapFlag             000000018003789a f   libmex:libmex.dll
 0001:000368a0       mexPutVariable             00000001800378a0 f   libmex:libmex.dll
 0001:000368a6       mexGetVariable             00000001800378a6 f   libmex:libmex.dll
 0001:000368ac       mexLock                    00000001800378ac f   libmex:libmex.dll
 0001:000368b2       mexMakeMemoryPersistent    00000001800378b2 f   libmex:libmex.dll
 0001:000368b8       mexFunctionName            00000001800378b8 f   libmex:libmex.dll
 0001:000368be       ssRegisterDataTypeFxpFSlopeFixExpBias 00000001800378be f   libfixedpoint:libfixedpoint.dll
 0001:000368c4       ssRegisterDataTypeFxpScaledDouble 00000001800378c4 f   libfixedpoint:libfixedpoint.dll
 0001:000368ca       utMalloc                   00000001800378ca f   libut:libut.dll
 0001:000368d0       utFree                     00000001800378d0 f   libut:libut.dll
 0001:000368d6       utVSNprintf                00000001800378d6 f   libut:libut.dll
 0001:000368dc       utCPUtime                  00000001800378dc f   libut:libut.dll
 0001:000368e2       utCalloc                   00000001800378e2 f   libut:libut.dll
 0001:000368e8       utRealloc                  00000001800378e8 f   libut:libut.dll
 0001:000368ee       emlrtCreateRootTLS         00000001800378ee f   libemlrt:libemlrt.dll
 0001:000368f4       emlrtDestroyRootTLS        00000001800378f4 f   libemlrt:libemlrt.dll
 0001:000368fa       emlrtCheckBuiltInR2012b    00000001800378fa f   libemlrt:libemlrt.dll
 0001:00036900       emlrtCheckVsBuiltInR2012b  0000000180037900 f   libemlrt:libemlrt.dll
 0001:00036906       emlrtCheckEnumR2012b       0000000180037906 f   libemlrt:libemlrt.dll
 0001:0003690c       emlrtCreateEnumR2012b      000000018003790c f   libemlrt:libemlrt.dll
 0001:00036912       emlrtGetEnumElementR2009a  0000000180037912 f   libemlrt:libemlrt.dll
 0001:00036918       emlrtCreateReference       0000000180037918 f   libemlrt:libemlrt.dll
 0001:0003691e       emlrtImportVsFiArrayR2009b 000000018003791e f   libemlrt:libemlrt.dll
 0001:00036924       emlrtNameCapturePostProcessR2012a 0000000180037924 f   libemlrt:libemlrt.dll
 0001:0003692a       emlrtExtractMessageId      000000018003792a f   libemlrt:libemlrt.dll
 0001:00036930       emlrtTranslateMessageIDtoLCPstring 0000000180037930 f   libemlrt:libemlrt.dll
 0001:00036936       emlrtForLoopVectorIsValidR2011b 0000000180037936 f   libemlrt:libemlrt.dll
 0001:0003693c       emlrtTranslateUTF16MessagetoLCPstring 000000018003793c f   libemlrt:libemlrt.dll
 0001:00036942       emlrtGetEnumUnderlyingArrayR2009a 0000000180037942 f   libemlrt:libemlrt.dll
 0001:00036948       emlrtIsEnumR2009a          0000000180037948 f   libemlrt:libemlrt.dll
 0001:0003694e       strlen                     000000018003794e f   MSVCRT:MSVCR100.dll
 0001:00036954       memset                     0000000180037954 f   MSVCRT:MSVCR100.dll
 0001:0003695c       __GSHandlerCheckCommon     000000018003795c f   MSVCRT:gshandler.obj
 0001:000369c0       __GSHandlerCheck           00000001800379c0 f   MSVCRT:gshandler.obj
 0001:000369f0       __security_check_cookie    00000001800379f0 f   MSVCRT:amdsecgs.obj
 0001:00036a10       strcmp                     0000000180037a10 f   MSVCRT:MSVCR100.dll
 0001:00036a16       free                       0000000180037a16 f   MSVCRT:MSVCR100.dll
 0001:00036a1c       sprintf                    0000000180037a1c f   MSVCRT:MSVCR100.dll
 0001:00036a22       malloc                     0000000180037a22 f   MSVCRT:MSVCR100.dll
 0001:00036a28       strcat                     0000000180037a28 f   MSVCRT:MSVCR100.dll
 0001:00036a2e       memcpy                     0000000180037a2e f   MSVCRT:MSVCR100.dll
 0001:00036a34       NtCurrentTeb               0000000180037a34 f i MSVCRT:crtdll.obj
 0001:00036aa0       _CRT_INIT                  0000000180037aa0 f   MSVCRT:crtdll.obj
 0001:00036e38       _DllMainCRTStartup         0000000180037e38 f   MSVCRT:crtdll.obj
 0001:00036e76       strncpy                    0000000180037e76 f   MSVCRT:MSVCR100.dll
 0001:00036e90       _alloca_probe              0000000180037e90     MSVCRT:chkstk.obj
 0001:00036e90       __chkstk                   0000000180037e90 f   MSVCRT:chkstk.obj
 0001:00036ede       longjmp                    0000000180037ede f   MSVCRT:MSVCR100.dll
 0001:00036ee4       strncmp                    0000000180037ee4 f   MSVCRT:MSVCR100.dll
 0001:00036eea       ceil                       0000000180037eea f   MSVCRT:MSVCR100.dll
 0001:00036ef0       strrchr                    0000000180037ef0 f   MSVCRT:MSVCR100.dll
 0001:00036ef6       _setjmp                    0000000180037ef6 f   MSVCRT:MSVCR100.dll
 0001:00036efc       ldexp                      0000000180037efc f   MSVCRT:MSVCR100.dll
 0001:00036f04       __report_gsfailure         0000000180037f04 f   MSVCRT:gs_report.obj
 0001:00037050       __clean_type_info_names    0000000180038050 f   MSVCRT:tncleanup.obj
 0001:0003705c       _onexit                    000000018003805c f   MSVCRT:atonexit.obj
 0001:0003710c       atexit                     000000018003810c f   MSVCRT:atonexit.obj
 0001:00037124       _RTC_Initialize            0000000180038124 f   MSVCRT:_initsect_.obj
 0001:0003715c       _RTC_Terminate             000000018003815c f   MSVCRT:_initsect_.obj
 0001:00037194       _malloc_crt                0000000180038194 f   MSVCRT:MSVCR100.dll
 0001:000371a0       _ValidateImageBase         00000001800381a0 f   MSVCRT:pesect.obj
 0001:000371d0       _FindPESection             00000001800381d0 f   MSVCRT:pesect.obj
 0001:00037220       _IsNonwritableInCurrentImage 0000000180038220 f   MSVCRT:pesect.obj
 0001:00037262       _initterm                  0000000180038262 f   MSVCRT:MSVCR100.dll
 0001:00037268       _initterm_e                0000000180038268 f   MSVCRT:MSVCR100.dll
 0001:0003726e       _encoded_null              000000018003826e f   MSVCRT:MSVCR100.dll
 0001:00037274       _amsg_exit                 0000000180038274 f   MSVCRT:MSVCR100.dll
 0001:0003727a       __C_specific_handler       000000018003827a f   MSVCRT:MSVCR100.dll
 0001:00037280       __CppXcptFilter            0000000180038280 f   MSVCRT:MSVCR100.dll
 0001:00037288       DllMain                    0000000180038288 f   MSVCRT:dllmain.obj
 0001:000372ac       __security_init_cookie     00000001800382ac f   MSVCRT:gs_support.obj
 0001:00037360       __crt_debugger_hook        0000000180038360 f   MSVCRT:MSVCR100.dll
 0001:00037366       __clean_type_info_names_internal 0000000180038366 f   MSVCRT:MSVCR100.dll
 0001:0003736c       _unlock                    000000018003836c f   MSVCRT:MSVCR100.dll
 0001:00037372       __dllonexit                0000000180038372 f   MSVCRT:MSVCR100.dll
 0001:00037378       _lock                      0000000180038378 f   MSVCRT:MSVCR100.dll
 0001:0003737e       EncodePointer              000000018003837e f   kernel32:KERNEL32.dll
 0001:00037384       DecodePointer              0000000180038384 f   kernel32:KERNEL32.dll
 0001:0003738a       Sleep                      000000018003838a f   kernel32:KERNEL32.dll
 0001:00037390       TerminateProcess           0000000180038390 f   kernel32:KERNEL32.dll
 0001:00037396       GetCurrentProcess          0000000180038396 f   kernel32:KERNEL32.dll
 0001:0003739c       UnhandledExceptionFilter   000000018003839c f   kernel32:KERNEL32.dll
 0001:000373a2       SetUnhandledExceptionFilter 00000001800383a2 f   kernel32:KERNEL32.dll
 0001:000373a8       IsDebuggerPresent          00000001800383a8 f   kernel32:KERNEL32.dll
 0001:000373ae       RtlVirtualUnwind           00000001800383ae f   kernel32:KERNEL32.dll
 0001:000373b4       RtlLookupFunctionEntry     00000001800383b4 f   kernel32:KERNEL32.dll
 0001:000373ba       RtlCaptureContext          00000001800383ba f   kernel32:KERNEL32.dll
 0001:000373c0       DisableThreadLibraryCalls  00000001800383c0 f   kernel32:KERNEL32.dll
 0001:000373c6       QueryPerformanceCounter    00000001800383c6 f   kernel32:KERNEL32.dll
 0001:000373cc       GetTickCount               00000001800383cc f   kernel32:KERNEL32.dll
 0001:000373d2       GetCurrentThreadId         00000001800383d2 f   kernel32:KERNEL32.dll
 0001:000373d8       GetCurrentProcessId        00000001800383d8 f   kernel32:KERNEL32.dll
 0001:000373de       GetSystemTimeAsFileTime    00000001800383de f   kernel32:KERNEL32.dll
 0002:00000000       __imp_GetSystemTimeAsFileTime 0000000180039000     kernel32:KERNEL32.dll
 0002:00000008       __imp_GetCurrentProcessId  0000000180039008     kernel32:KERNEL32.dll
 0002:00000010       __imp_GetCurrentThreadId   0000000180039010     kernel32:KERNEL32.dll
 0002:00000018       __imp_GetTickCount         0000000180039018     kernel32:KERNEL32.dll
 0002:00000020       __imp_QueryPerformanceCounter 0000000180039020     kernel32:KERNEL32.dll
 0002:00000028       __imp_DisableThreadLibraryCalls 0000000180039028     kernel32:KERNEL32.dll
 0002:00000030       __imp_RtlCaptureContext    0000000180039030     kernel32:KERNEL32.dll
 0002:00000038       __imp_RtlLookupFunctionEntry 0000000180039038     kernel32:KERNEL32.dll
 0002:00000040       __imp_RtlVirtualUnwind     0000000180039040     kernel32:KERNEL32.dll
 0002:00000048       __imp_IsDebuggerPresent    0000000180039048     kernel32:KERNEL32.dll
 0002:00000050       __imp_SetUnhandledExceptionFilter 0000000180039050     kernel32:KERNEL32.dll
 0002:00000058       __imp_UnhandledExceptionFilter 0000000180039058     kernel32:KERNEL32.dll
 0002:00000060       __imp_GetCurrentProcess    0000000180039060     kernel32:KERNEL32.dll
 0002:00000068       __imp_TerminateProcess     0000000180039068     kernel32:KERNEL32.dll
 0002:00000070       __imp_Sleep                0000000180039070     kernel32:KERNEL32.dll
 0002:00000078       __imp_DecodePointer        0000000180039078     kernel32:KERNEL32.dll
 0002:00000080       __imp_EncodePointer        0000000180039080     kernel32:KERNEL32.dll
 0002:00000088       \177KERNEL32_NULL_THUNK_DATA 0000000180039088     kernel32:KERNEL32.dll
 0002:00000090       __imp__onexit              0000000180039090     MSVCRT:MSVCR100.dll
 0002:00000098       __imp__lock                0000000180039098     MSVCRT:MSVCR100.dll
 0002:000000a0       __imp___dllonexit          00000001800390a0     MSVCRT:MSVCR100.dll
 0002:000000a8       __imp__unlock              00000001800390a8     MSVCRT:MSVCR100.dll
 0002:000000b0       __imp___clean_type_info_names_internal 00000001800390b0     MSVCRT:MSVCR100.dll
 0002:000000b8       __imp___crt_debugger_hook  00000001800390b8     MSVCRT:MSVCR100.dll
 0002:000000c0       __imp___CppXcptFilter      00000001800390c0     MSVCRT:MSVCR100.dll
 0002:000000c8       __imp___C_specific_handler 00000001800390c8     MSVCRT:MSVCR100.dll
 0002:000000d0       __imp__amsg_exit           00000001800390d0     MSVCRT:MSVCR100.dll
 0002:000000d8       __imp__encoded_null        00000001800390d8     MSVCRT:MSVCR100.dll
 0002:000000e0       __imp__initterm_e          00000001800390e0     MSVCRT:MSVCR100.dll
 0002:000000e8       __imp__initterm            00000001800390e8     MSVCRT:MSVCR100.dll
 0002:000000f0       __imp__malloc_crt          00000001800390f0     MSVCRT:MSVCR100.dll
 0002:000000f8       __imp_ldexp                00000001800390f8     MSVCRT:MSVCR100.dll
 0002:00000100       __imp__setjmp              0000000180039100     MSVCRT:MSVCR100.dll
 0002:00000108       __imp_strrchr              0000000180039108     MSVCRT:MSVCR100.dll
 0002:00000110       __imp_ceil                 0000000180039110     MSVCRT:MSVCR100.dll
 0002:00000118       __imp_strncmp              0000000180039118     MSVCRT:MSVCR100.dll
 0002:00000120       __imp_longjmp              0000000180039120     MSVCRT:MSVCR100.dll
 0002:00000128       __imp_strncpy              0000000180039128     MSVCRT:MSVCR100.dll
 0002:00000130       __imp_memcpy               0000000180039130     MSVCRT:MSVCR100.dll
 0002:00000138       __imp_strcat               0000000180039138     MSVCRT:MSVCR100.dll
 0002:00000140       __imp_malloc               0000000180039140     MSVCRT:MSVCR100.dll
 0002:00000148       __imp_sprintf              0000000180039148     MSVCRT:MSVCR100.dll
 0002:00000150       __imp_free                 0000000180039150     MSVCRT:MSVCR100.dll
 0002:00000158       __imp_strcmp               0000000180039158     MSVCRT:MSVCR100.dll
 0002:00000160       __imp_memset               0000000180039160     MSVCRT:MSVCR100.dll
 0002:00000168       __imp_strlen               0000000180039168     MSVCRT:MSVCR100.dll
 0002:00000170       \177MSVCR100_NULL_THUNK_DATA 0000000180039170     MSVCRT:MSVCR100.dll
 0002:00000178       __imp_emlrtIsEnumR2009a    0000000180039178     libemlrt:libemlrt.dll
 0002:00000180       __imp_emlrtGetEnumUnderlyingArrayR2009a 0000000180039180     libemlrt:libemlrt.dll
 0002:00000188       __imp_emlrtTranslateUTF16MessagetoLCPstring 0000000180039188     libemlrt:libemlrt.dll
 0002:00000190       __imp_emlrtForLoopVectorIsValidR2011b 0000000180039190     libemlrt:libemlrt.dll
 0002:00000198       __imp_emlrtTranslateMessageIDtoLCPstring 0000000180039198     libemlrt:libemlrt.dll
 0002:000001a0       __imp_emlrtExtractMessageId 00000001800391a0     libemlrt:libemlrt.dll
 0002:000001a8       __imp_emlrtNameCapturePostProcessR2012a 00000001800391a8     libemlrt:libemlrt.dll
 0002:000001b0       __imp_emlrtImportVsFiArrayR2009b 00000001800391b0     libemlrt:libemlrt.dll
 0002:000001b8       __imp_emlrtCreateReference 00000001800391b8     libemlrt:libemlrt.dll
 0002:000001c0       __imp_emlrtGetEnumElementR2009a 00000001800391c0     libemlrt:libemlrt.dll
 0002:000001c8       __imp_emlrtCreateEnumR2012b 00000001800391c8     libemlrt:libemlrt.dll
 0002:000001d0       __imp_emlrtCheckEnumR2012b 00000001800391d0     libemlrt:libemlrt.dll
 0002:000001d8       __imp_emlrtCheckVsBuiltInR2012b 00000001800391d8     libemlrt:libemlrt.dll
 0002:000001e0       __imp_emlrtCheckBuiltInR2012b 00000001800391e0     libemlrt:libemlrt.dll
 0002:000001e8       __imp_emlrtDestroyRootTLS  00000001800391e8     libemlrt:libemlrt.dll
 0002:000001f0       __imp_emlrtCreateRootTLS   00000001800391f0     libemlrt:libemlrt.dll
 0002:000001f8       \177libemlrt_NULL_THUNK_DATA 00000001800391f8     libemlrt:libemlrt.dll
 0002:00000200       __imp_ssRegisterDataTypeFxpScaledDouble 0000000180039200     libfixedpoint:libfixedpoint.dll
 0002:00000208       __imp_ssRegisterDataTypeFxpFSlopeFixExpBias 0000000180039208     libfixedpoint:libfixedpoint.dll
 0002:00000210       \177libfixedpoint_NULL_THUNK_DATA 0000000180039210     libfixedpoint:libfixedpoint.dll
 0002:00000218       __imp_mexLock              0000000180039218     libmex:libmex.dll
 0002:00000220       __imp_mexMakeMemoryPersistent 0000000180039220     libmex:libmex.dll
 0002:00000228       __imp_mexFunctionName      0000000180039228     libmex:libmex.dll
 0002:00000230       __imp_mexGetVariable       0000000180039230     libmex:libmex.dll
 0002:00000238       __imp_mexPutVariable       0000000180039238     libmex:libmex.dll
 0002:00000240       __imp_mexSetTrapFlag       0000000180039240     libmex:libmex.dll
 0002:00000248       __imp_mexIsLocked          0000000180039248     libmex:libmex.dll
 0002:00000250       __imp_mexWarnMsgTxt        0000000180039250     libmex:libmex.dll
 0002:00000258       __imp_mexCallMATLAB        0000000180039258     libmex:libmex.dll
 0002:00000260       __imp_mexUnlock            0000000180039260     libmex:libmex.dll
 0002:00000268       __imp_mexErrMsgTxt         0000000180039268     libmex:libmex.dll
 0002:00000270       __imp_mexMakeArrayPersistent 0000000180039270     libmex:libmex.dll
 0002:00000278       \177libmex_NULL_THUNK_DATA 0000000180039278     libmex:libmex.dll
[...]
 0001:0000d0b0       sf_mex_check_complex       000000018000e0b0 f   sfc_mex:sfc_mex.obj
 0001:0000d140       sf_mex_check_sparse        000000018000e140 f   sfc_mex:sfc_mex.obj
 0001:0000d1a0       sf_mex_check_numerictype   000000018000e1a0 f   sfc_mex:sfc_mex.obj
 0001:0000d330       sf_mex_check_fimath        000000018000e330 f   sfc_mex:sfc_mex.obj
 0001:0000de90       size_mismatch_error        000000018000ee90 f   sfc_mex:sfc_mex.obj
 0001:0000e900       check_array_dimensions     000000018000f900 f   sfc_mex:sfc_mex.obj
 0001:0000e970       check_input_mxarray        000000018000f970 f   sfc_mex:sfc_mex.obj
 0001:0000f0b0       sf_numeric_value_to_double 00000001800100b0 f   sfc_mex:sfc_mex.obj
 0001:0000f100       ml_generic_out_of_bounds_check 0000000180010100 f   sfc_mex:sfc_mex.obj
 0001:0000f2c0       ml_get_element_value_from_array 00000001800102c0 f   sfc_mex:sfc_mex.obj
 0001:0000f660       _ml_generic_castability_check 0000000180010660 f   sfc_mex:sfc_mex.obj
 0001:0000fdb0       ml_generic_castability_check 0000000180010db0 f   sfc_mex:sfc_mex.obj
 0001:0000fe50       ml_check_mx_array_for_single_castability 0000000180010e50 f   sfc_mex:sfc_mex.obj
 0001:0000fef0       ml_check_mx_array_for_logical_castability 0000000180010ef0 f   sfc_mex:sfc_mex.obj
 0001:0000ff90       ml_check_mx_array_for_int8_castability 0000000180010f90 f   sfc_mex:sfc_mex.obj
 0001:00010040       ml_check_mx_array_for_uint8_castability 0000000180011040 f   sfc_mex:sfc_mex.obj
 0001:000100a0       ml_check_mx_array_for_int16_castability 00000001800110a0 f   sfc_mex:sfc_mex.obj
 0001:00010100       ml_check_mx_array_for_uint16_castability 0000000180011100 f   sfc_mex:sfc_mex.obj
 0001:00010160       ml_check_mx_array_for_int32_castability 0000000180011160 f   sfc_mex:sfc_mex.obj
 0001:000101c0       ml_check_mx_array_for_uint32_castability 00000001800111c0 f   sfc_mex:sfc_mex.obj
 0001:00010220       ml_check_mx_array_for_castability 0000000180011220 f   sfc_mex:sfc_mex.obj
 0001:00010a40       set_data_value             0000000180011a40 f   sfc_mex:sfc_mex.obj
 0001:00010db0       get_data_value             0000000180011db0 f   sfc_mex:sfc_mex.obj
 0001:00010ec0       get_next_element_address   0000000180011ec0 f   sfc_mex:sfc_mex.obj
 0001:00010f90       sf_normalize_index         0000000180011f90 f   sfc_mex:sfc_mex.obj
 0001:00011340       ml_array_index_bound_check 0000000180012340 f   sfc_mex:sfc_mex.obj
 0001:00011ec0       mx_value                   0000000180012ec0 f   sfc_mex:sfc_mex.obj
 0001:00011f10       sf_create_numeric_array    0000000180012f10 f   sfc_mex:sfc_mex.obj
 0001:00011fb0       sf_mex_assign_to_mx_array  0000000180012fb0 f   sfc_mex:sfc_mex.obj
 0001:00012320       assign_from_mx_array       0000000180013320 f   sfc_mex:sfc_mex.obj
 0001:00012a80       sf_mex_import_v            0000000180013a80 f   sfc_mex:sfc_mex.obj
 0001:00013190       get_machine_and_chart_file_number 0000000180014190 f   sfc_mex:sfc_sf.obj
 0001:00013280       get_sfun_block_specialization 0000000180014280 f   sfc_mex:sfc_sf.obj
 0001:00013330       call_sf_machine_global_method_dispatcher 0000000180014330 f   sfc_mex:sfc_sf.obj
 0001:00013580       mdl_zeroCrossings_processing 0000000180014580 f   sfc_mex:sfc_sf.obj
 0001:00013660       mdl_derivatives_processing 0000000180014660 f   sfc_mex:sfc_sf.obj
 0001:00013940       mdl_outputs_continuous_legacy 0000000180014940 f   sfc_mex:sfc_sf.obj
 0001:000139c0       mdl_outputs_processing     00000001800149c0 f   sfc_mex:sfc_sf.obj
 0001:00013c30       mdl_enable_processing      0000000180014c30 f   sfc_mex:sfc_sf.obj
 0001:00013d10       mdl_disable_processing     0000000180014d10 f   sfc_mex:sfc_sf.obj
 0001:00014ba0       sf_call_output_fcn_enable_disable 0000000180015ba0 f   sfc_mex:sfc_sf.obj
 0001:00014e20       set_dwork_information_from_mx_array 0000000180015e20 f   sfc_mex:sfc_sf.obj
 0001:00015710       ptr2mxStruct               0000000180016710 f   sfc_mex:sfc_sf.obj
 0001:00015a20       SNPRINTF_WRAPPER           0000000180016a20 f   sfc_debug:sfcdebug.obj
 0001:00015a50       sf_debug_chart_instance_initialized 0000000180016a50 f   sfc_debug:sfcdebug.obj
 0001:00015bf0       sfrtAddSize                0000000180016bf0 f   sfc_debug:sfcdebug.obj
 0001:00015cb0       sfrtGenSizeString          0000000180016cb0 f   sfc_debug:sfcdebug.obj
 0001:00016400       fill_single_message_info   0000000180017400 f   sfc_debug:sfcdebug.obj
 0001:00016680       sf_debug_sim_status_listener 0000000180017680 f   sfc_debug:sfcdebug.obj
 0001:00016c10       sf_debug_form_mask_bits    0000000180017c10 f   sfc_debug:sfcdebug.obj
 0001:00016c30       sf_debug_form_sf_data_type_offsets 0000000180017c30 f   sfc_debug:sfcdebug.obj
 0001:00016cf0       sf_debug_free_all          0000000180017cf0 f   sfc_debug:sfcdebug.obj
 0001:00016e80       sf_debug_append_debugger_context 0000000180017e80 f   sfc_debug:sfcdebug.obj
 0001:000171f0       local_strdup               00000001800181f0 f   sfc_debug:sfcdebug.obj
 0001:00018170       sf_debug_em_terminate      0000000180019170 f   sfc_debug:sfcdebug.obj
 0001:000181b0       sf_debug_push_eml_function 00000001800191b0 f   sfc_debug:sfcdebug.obj
 0001:00018250       sf_debug_pop_eml_function  0000000180019250 f   sfc_debug:sfcdebug.obj
 0001:00018ef0       sf_debug_get_machine_number_from_id_or_name 0000000180019ef0 f   sfc_debug:sfcdebug.obj
 0001:00019040       sf_debug_get_chart_number_from_id 000000018001a040 f   sfc_debug:sfcdebug.obj
 0001:00019e20       sf_debug_transfer_control_to_debugger_GUI 000000018001ae20 f   sfc_debug:sfcdebug.obj
 0001:0001ad90       sf_debug_scripts_rehash    000000018001bd90 f   sfc_debug:sfcdebug.obj
 0001:0001afa0       sf_debug_get_script_line_count 000000018001bfa0 f   sfc_debug:sfcdebug.obj
 0001:0001b9f0       cv_eml_state_cvId          000000018001c9f0 f   sfc_debug:sfcdebug.obj
 0001:0001ba60       cv_eml_trans_cvId          000000018001ca60 f   sfc_debug:sfcdebug.obj
 0001:0001cee0       sf_debug_data_array_bounds_error 000000018001dee0 f   sfc_debug:sfcdebug.obj
 0001:0001d290       eml_debug_runtime_error_doclink 000000018001e290 f   sfc_debug:sfcdebug.obj
 0001:0001d400       sf_debug_runtime_error     000000018001e400 f   sfc_debug:sfcdebug.obj
 0001:0001d470       sf_debug_matlab_error      000000018001e470 f   sfc_debug:sfcdebug.obj
 0001:0001dde0       sf_debug_data_value_error  000000018001ede0 f   sfc_debug:sfcdebug.obj
 0001:0001e6b0       sf_debug_data_loss_error   000000018001f6b0 f   sfc_debug:sfcdebug.obj
 0001:0001f5d0       call_cv_range_check        00000001800205d0 f   sfc_debug:sfcdebug.obj
 0001:0001fe30       sf_debug_invoke_cycle_detection_code 0000000180020e30 f   sfc_debug:sfcdebug.obj
 0001:000209a0       sf_reset_debug_info_struct 00000001800219a0 f   sfc_debug:sfcdebug.obj
 0001:00021190       cv_script_cvId             0000000180022190 f   sfc_debug:sfcdebug.obj
 0001:00022350       sfc_api_chart_visible      0000000180023350 f   sfc_debug:sfc_api.obj
 0001:000223e0       sfc_api_active_instance    00000001800233e0 f   sfc_debug:sfc_api.obj
 0001:00022470       sfc_api_machine_load       0000000180023470 f   sfc_debug:sfc_api.obj
 0001:00022560       sfc_api_debugger_alive     0000000180023560 f   sfc_debug:sfc_api.obj
 0001:00022570       sfc_api_go                 0000000180023570 f   sfc_debug:sfc_api.obj
 0001:00022580       sfc_api_step_over          0000000180023580 f   sfc_debug:sfc_api.obj
 0001:00022590       sfc_api_step_out           0000000180023590 f   sfc_debug:sfc_api.obj
 0001:000225a0       sfc_api_resume             00000001800235a0 f   sfc_debug:sfc_api.obj
 0001:000225b0       sfc_api_break              00000001800235b0 f   sfc_debug:sfc_api.obj
 0001:000225c0       sfc_api_stop_debugging     00000001800235c0 f   sfc_debug:sfc_api.obj
 0001:00022620       sfc_api_is_cycle_detected  0000000180023620 f   sfc_debug:sfc_api.obj
 0001:00022680       sfc_api_is_array_bounds_detected 0000000180023680 f   sfc_debug:sfc_api.obj
 0001:000226e0       sfc_api_set_disable_all_breakpoints 00000001800236e0 f   sfc_debug:sfc_api.obj
 0001:00022760       sfc_api_disable_all_breakpoints_and_go 0000000180023760 f   sfc_debug:sfc_api.obj
 0001:00022770       sfc_api_close              0000000180023770 f   sfc_debug:sfc_api.obj
 0001:00022780       sfc_api_browse_data        0000000180023780 f   sfc_debug:sfc_api.obj
 0001:00022800       sfc_api_watch_data         0000000180023800 f   sfc_debug:sfc_api.obj
 0001:00022910       sfc_api_extract_message_post_receive_info 0000000180023910 f   sfc_debug:sfc_api.obj
 0001:00022930       sfc_api_assign_data        0000000180023930 f   sfc_debug:sfc_api.obj
 0001:000229e0       sfc_api_whos               00000001800239e0 f   sfc_debug:sfc_api.obj
 0001:00022a70       sfc_api_get_consistency_info 0000000180023a70 f   sfc_debug:sfc_api.obj
 0001:00022a80       sfc_api_browse_trace       0000000180023a80 f   sfc_debug:sfc_api.obj
 0001:00022a90       sfc_api_break_on_chart_entry 0000000180023a90 f   sfc_debug:sfc_api.obj
 0001:00022ac0       sfc_api_break_on_event_broadcast 0000000180023ac0 f   sfc_debug:sfc_api.obj
 0001:00022af0       sfc_api_break_on_state_entry 0000000180023af0 f   sfc_debug:sfc_api.obj
 0001:00022b20       sfc_api_set_watch          0000000180023b20 f   sfc_debug:sfc_api.obj
 0001:00022bd0       sfc_api_set_breakpoints    0000000180023bd0 f   sfc_debug:sfc_api.obj
 0001:00022c90       sfc_api_set_eml_breakpoints 0000000180023c90 f   sfc_debug:sfc_api.obj
 0001:00022d30       sfc_api_set_script_breakpoints 0000000180023d30 f   sfc_debug:sfc_api.obj
 0001:00022d90       sfc_api_add_script_breakpoints 0000000180023d90 f   sfc_debug:sfc_api.obj
 0001:00022df0       sfc_api_clear_script_breakpoints 0000000180023df0 f   sfc_debug:sfc_api.obj
 0001:00022e50       sfc_api_query_script_breakpoints 0000000180023e50 f   sfc_debug:sfc_api.obj
 0001:00022ec0       sfc_api_get_script_id      0000000180023ec0 f   sfc_debug:sfc_api.obj
 0001:00022f80       sfc_api_get_active_states  0000000180023f80 f   sfc_debug:sfc_api.obj
 0001:00023010       sfc_api_break_between_times 0000000180024010 f   sfc_debug:sfc_api.obj
 0001:00023080       sfc_api_get_instance_handle 0000000180024080 f   sfc_debug:sfc_api.obj
 0001:00023150       sfc_api_set_animation      0000000180024150 f   sfc_debug:sfc_api.obj
 0001:000231a0       sfc_api_select_chart       00000001800241a0 f   sfc_debug:sfc_api.obj
 0001:00023210       sfc_api_select_charts      0000000180024210 f   sfc_debug:sfc_api.obj
 0001:00023240       sfc_api_cycle_detection_check 0000000180024240 f   sfc_debug:sfc_api.obj
 0001:00023290       sfc_api_data_range_check   0000000180024290 f   sfc_debug:sfc_api.obj
 0001:000232e0       sfc_api_transition_conflict_check 00000001800242e0 f   sfc_debug:sfc_api.obj
 0001:00023330       sfc_api_state_consistency_check 0000000180024330 f   sfc_debug:sfc_api.obj
 0001:00023380       sfc_api_set_instance_cv_ids 0000000180024380 f   sfc_debug:sfc_api.obj
 0001:000234b0       sfc_api_set_script_cv_ids  00000001800244b0 f   sfc_debug:sfc_api.obj
 0001:00023580       sfc_api_get_current_machine_id 0000000180024580 f   sfc_debug:sfc_api.obj
 0001:000235b0       sfc_api_get_current_machine_number 00000001800245b0 f   sfc_debug:sfc_api.obj
 0001:000235e0       sfc_api_get_current_chart_number 00000001800245e0 f   sfc_debug:sfc_api.obj
 0001:00023610       sfc_api_get_current_instance_number 0000000180024610 f   sfc_debug:sfc_api.obj
 0001:00023640       sfc_api_get_current_instance_handle 0000000180024640 f   sfc_debug:sfc_api.obj
 0001:00023660       sfc_api_get_current_is_minor_time_step 0000000180024660 f   sfc_debug:sfc_api.obj
 0001:00023690       sfc_api_get_current_machine_name 0000000180024690 f   sfc_debug:sfc_api.obj
 0001:000236b0       sfc_api_get_current_chart_id 00000001800246b0 f   sfc_debug:sfc_api.obj
 0001:000236e0       sfc_api_get_current_object_type 00000001800246e0 f   sfc_debug:sfc_api.obj
 0001:00023710       sfc_api_get_current_event_type 0000000180024710 f   sfc_debug:sfc_api.obj
 0001:00023740       sfc_api_get_current_object_id 0000000180024740 f   sfc_debug:sfc_api.obj
 0001:00023770       sfc_get_current_active_event_type 0000000180024770 f   sfc_debug:sfc_api.obj
 0001:000237a0       sfc_api_get_current_active_event_id 00000001800247a0 f   sfc_debug:sfc_api.obj
 0001:000237d0       sfc_api_get_current_simulation_time 00000001800247d0 f   sfc_debug:sfc_api.obj
 0001:000237f0       sfc_get_current_tag_type   00000001800247f0 f   sfc_debug:sfc_api.obj
 0001:00023820       sfc_get_current_coverage_percentage 0000000180024820 f   sfc_debug:sfc_api.obj
 0001:00023840       sfc_get_current_statement_context 0000000180024840 f   sfc_debug:sfc_api.obj
 0001:00023860       sfc_get_current_optional_integer 0000000180024860 f   sfc_debug:sfc_api.obj
 0001:00023890       sfc_get_current_statement_info 0000000180024890 f   sfc_debug:sfc_api.obj
 0001:00023930       sfc_api_get                0000000180024930 f   sfc_debug:sfc_api.obj
 0001:00024590       sf_debug_sm_fill_state_activity_data 0000000180025590 f   sfc_debug:sfdb_animation.obj
 0001:00026dd0       void_ptr_stack_vector_free_total 0000000180027dd0 f   sfc_debug:sfdb_data_browse.obj
 0001:00026e50       sf_debug_st_terminate_machine 0000000180027e50 f   sfc_debug:sfdb_data_browse.obj
 0001:00026e90       sf_debug_st_terminate_instance 0000000180027e90 f   sfc_debug:sfdb_data_browse.obj
 0001:00027240       push_on_to_void_ptr_stack  0000000180028240 f   sfc_debug:sfdb_data_browse.obj
 0001:000273d0       pop_from_void_ptr_stack    00000001800283d0 f   sfc_debug:sfdb_data_browse.obj
 0001:00027500       sf_debug_st_get_data_value 0000000180028500 f   sfc_debug:sfdb_data_browse.obj
 0001:00027a30       mx_value                   0000000180028a30 f   sfc_debug:sfdb_data_browse.obj
 0001:00027a70       sf_debug_st_fill_data_struct 0000000180028a70 f   sfc_debug:sfdb_data_browse.obj
 0001:00027db0       data_type_format_strings   0000000180028db0 f   sfc_debug:sfdb_data_browse.obj
 0001:00027e60       sf_debug_st_fill_data      0000000180028e60 f   sfc_debug:sfdb_data_browse.obj
 0001:00028b50       sf_debug_hm_get_simulink_handle 0000000180029b50 f   sfc_debug:sfdb_handle_management.obj
 0001:00029600       sf_debug_hm_initialize_globals 000000018002a600 f   sfc_debug:sfdb_handle_management.obj
 0001:00029700       sf_debug_hm_get_machine_debug_flag 000000018002a700 f   sfc_debug:sfdb_handle_management.obj
 0001:00029870       sf_debug_hm_get_machine_id 000000018002a870 f   sfc_debug:sfdb_handle_management.obj
 0001:00029990       sf_debug_hm_get_chart_id   000000018002a990 f   sfc_debug:sfdb_handle_management.obj
 0001:00029b30       sf_debug_hm_register_executing_SFunction 000000018002ab30 f   sfc_debug:sfdb_handle_management.obj
 0001:00029ec0       sf_debug_hm_form_object_boolean_properties 000000018002aec0 f   sfc_debug:sfdb_handle_management.obj
 0001:0002a190       sf_debug_hm_form_object_properties 000000018002b190 f   sfc_debug:sfdb_handle_management.obj
 0001:0002a3d0       sf_debug_hm_terminate_charts 000000018002b3d0 f   sfc_debug:sfdb_handle_management.obj
 0001:0002aab0       sf_debug_hm_terminate_machines 000000018002bab0 f   sfc_debug:sfdb_handle_management.obj
 0001:0002c520       sf_debug_ss_copy_dimension 000000018002d520 f   sfc_debug:sfdb_symbol_scope.obj
 0001:0002c5e0       sf_debug_ss_get_number_elements 000000018002d5e0 f   sfc_debug:sfdb_symbol_scope.obj
 0001:0002c600       sf_debug_ss_fill_data_struct 000000018002d600 f   sfc_debug:sfdb_symbol_scope.obj
 0001:0002c950       sf_debug_ss_reset_data_info 000000018002d950 f   sfc_debug:sfdb_symbol_scope.obj
 0001:0002c9b0       sf_debug_fill_data_info_by_symbol_scope_entry 000000018002d9b0 f   sfc_debug:sfdb_symbol_scope.obj
 0001:0002ca70       sf_debug_fill_data_info_by_data_vector 000000018002da70 f   sfc_debug:sfdb_symbol_scope.obj
 0001:0002ccc0       get_data_info_helper       000000018002dcc0 f   sfc_debug:sfdb_symbol_scope.obj
 0001:0002cfb0       sf_debug_ss_get_data_info  000000018002dfb0 f   sfc_debug:sfdb_symbol_scope.obj
 0001:0002d1d0       sf_debug_select_mex_function 000000018002e1d0 f   sfc_debug:sfdb_symbol_scope.obj
 0001:0002d200       sf_debug_is_dyn_matrix_initialized 000000018002e200 f   sfc_debug:sfdb_symbol_scope.obj
 0001:0002d220       sf_debug_ss_set_data_value_try 000000018002e220 f   sfc_debug:sfdb_symbol_scope.obj
 0001:0002d410       sf_debug_ss_get_data_value 000000018002e410 f   sfc_debug:sfdb_symbol_scope.obj
 0001:0002db70       sf_debug_ss_data_bytes_string 000000018002eb70 f   sfc_debug:sfdb_symbol_scope.obj
 0001:0002dc00       sf_debug_ss_data_class_string 000000018002ec00 f   sfc_debug:sfdb_symbol_scope.obj
 0001:0002df80       sf_debug_ss_data_size_string 000000018002ef80 f   sfc_debug:sfdb_symbol_scope.obj
 0001:0002e060       sf_debug_ss_data_create_data_info_struct 000000018002f060 f   sfc_debug:sfdb_symbol_scope.obj
 0001:0002e310       sf_debug_ss_data_create_name_value_pair 000000018002f310 f   sfc_debug:sfdb_symbol_scope.obj
 0001:0002e3b0       sf_debug_ss_data_get_whos_info 000000018002f3b0 f   sfc_debug:sfdb_symbol_scope.obj
 0001:0002e3c0       same_named_data_in_data_array 000000018002f3c0 f   sfc_debug:sfdb_symbol_scope.obj
 0001:0002fb50       sf_debug_cc_terminate_chart 0000000180030b50 f   sfc_debug:sfdb_coverage.obj
 0001:0002fe60       sf_debug_cc_terminate_instance 0000000180030e60 f   sfc_debug:sfdb_coverage.obj
 0001:00030a30       sf_debug_cc_mark_object_if_needed 0000000180031a30 f   sfc_debug:sfdb_coverage.obj
 0001:000312b0       sf_debug_bm_initialize_eml 00000001800322b0 f   sfc_debug:sfdb_breakpoints.obj
 0001:00032370       sf_debug_bm_map_debug_tag_to_breakpoint_tag 0000000180033370 f   sfc_debug:sfdb_breakpoints.obj
 0001:00032450       sf_debug_bm_is_a_eml_breakpoint_impl 0000000180033450 f   sfc_debug:sfdb_breakpoints.obj
 0001:00033d80       sf_debug_sc_push_on_error_stack 0000000180034d80 f   sfc_debug:sfdb_state_consistency.obj
 0001:00033ea0       sf_debug_sc_reset_error_stack 0000000180034ea0 f   sfc_debug:sfdb_state_consistency.obj
 0001:00034030       sf_debug_sc_is_state_inconsistent 0000000180035030 f   sfc_debug:sfdb_state_consistency.obj
 0001:00034320       sf_debug_sc_fill_consistency_info 0000000180035320 f   sfc_debug:sfdb_state_consistency.obj
 0001:000348c0       void_assertion_fcn         00000001800358c0 f   sfc_debug:sfdb_call_stack.obj
 0001:00034e10       sf_debug_tm_fill_local_trace 0000000180035e10 f   sfc_debug:sfdb_call_stack.obj
 0001:000353b0       sf_debug_cd_terminate_instance 00000001800363b0 f   sfc_debug:sfdb_cycle_detection.obj
 0001:00035410       sf_debug_cd_free_checksum_stack 0000000180036410 f   sfc_debug:sfdb_cycle_detection.obj
 0001:00035460       sf_debug_cd_reset_pack_strings 0000000180036460 f   sfc_debug:sfdb_cycle_detection.obj
 0001:00035b00       md5file_clear              0000000180036b00 f   sfc_debug:ckmd5.obj
 0001:00035b30       Encode                     0000000180036b30 f   sfc_debug:ckmd5.obj
 0001:00035b80       Decode                     0000000180036b80 f   sfc_debug:ckmd5.obj
 0001:00035c20       MD5Transform               0000000180036c20 f   sfc_debug:ckmd5.obj
 0001:00036480       md5file_addn               0000000180037480 f   sfc_debug:ckmd5.obj
 0001:00036550       md5file_hash               0000000180037550 f   sfc_debug:ckmd5.obj
 0001:00036a40       pre_c_init                 0000000180037a40 f   MSVCRT:crtdll.obj
 0001:00036cfc       __DllMainCRTStartup        0000000180037cfc f   MSVCRT:crtdll.obj
 0001:000373f0       __DllMainCRTStartup$filt$0 00000001800383f0 f   MSVCRT:crtdll.obj
 0001:00037420       __DllMainCRTStartup$fin$1  0000000180038420 f   MSVCRT:crtdll.obj
 0001:0003743a       _onexit$fin$0              000000018003843a f   MSVCRT:atonexit.obj
 0001:00037460       _IsNonwritableInCurrentImage$filt$0 0000000180038460 f   MSVCRT:pesect.obj
